Archive member included because of file (symbol)

../../lib/ksdk_platform_lib/kds/KW30Z4/debug/libksdk_platform.a(fsl_mcg_hal.o)
                              ./board/board.o (g_xtal0ClkFreq)
../../lib/ksdk_platform_lib/kds/KW30Z4/debug/libksdk_platform.a(fsl_lpuart_hal.o)
                              ./sources/main.o (LPUART_HAL_Init)
../../lib/ksdk_platform_lib/kds/KW30Z4/debug/libksdk_platform.a(fsl_gpio_driver.o)
                              ./sources/main.o (GPIO_DRV_Init)
../../lib/ksdk_platform_lib/kds/KW30Z4/debug/libksdk_platform.a(fsl_clock_MKW30Z4.o)
                              ./board/board.o (CLOCK_SYS_SetSimConfigration)
../../lib/ksdk_platform_lib/kds/KW30Z4/debug/libksdk_platform.a(fsl_clock_manager.o)
                              ./board/board.o (CLOCK_SYS_SetMcgMode)
../../lib/ksdk_platform_lib/kds/KW30Z4/debug/libksdk_platform.a(fsl_adc16_driver.o)
                              ./board/adc.o (ADC16_DRV_GetAutoCalibrationParam)
../../lib/ksdk_platform_lib/kds/KW30Z4/debug/libksdk_platform.a(fsl_os_abstraction_bm.o)
                              ./sources/main.o (OSA_TimeGetMsec)
../../lib/ksdk_platform_lib/kds/KW30Z4/debug/libksdk_platform.a(fsl_sim_hal_MKW30Z4.o)
                              ../../lib/ksdk_platform_lib/kds/KW30Z4/debug/libksdk_platform.a(fsl_clock_MKW30Z4.o) (CLOCK_HAL_SetOutDiv)
../../lib/ksdk_platform_lib/kds/KW30Z4/debug/libksdk_platform.a(fsl_mcg_hal_modes.o)
                              ../../lib/ksdk_platform_lib/kds/KW30Z4/debug/libksdk_platform.a(fsl_clock_manager.o) (CLOCK_HAL_GetMcgMode)
../../lib/ksdk_platform_lib/kds/KW30Z4/debug/libksdk_platform.a(fsl_lptmr_hal.o)
                              ../../lib/ksdk_platform_lib/kds/KW30Z4/debug/libksdk_platform.a(fsl_os_abstraction_bm.o) (LPTMR_HAL_SetTimerWorkingMode)
../../lib/ksdk_platform_lib/kds/KW30Z4/debug/libksdk_platform.a(fsl_interrupt_manager.o)
                              ../../lib/ksdk_platform_lib/kds/KW30Z4/debug/libksdk_platform.a(fsl_os_abstraction_bm.o) (INT_SYS_InstallHandler)
../../lib/ksdk_platform_lib/kds/KW30Z4/debug/libksdk_platform.a(fsl_gpio_hal.o)
                              ../../lib/ksdk_platform_lib/kds/KW30Z4/debug/libksdk_platform.a(fsl_gpio_driver.o) (GPIO_HAL_SetPinDir)
../../lib/ksdk_platform_lib/kds/KW30Z4/debug/libksdk_platform.a(fsl_gpio_common.o)
                              ../../lib/ksdk_platform_lib/kds/KW30Z4/debug/libksdk_platform.a(fsl_gpio_driver.o) (g_gpioBase)
../../lib/ksdk_platform_lib/kds/KW30Z4/debug/libksdk_platform.a(fsl_adc16_hal.o)
                              ../../lib/ksdk_platform_lib/kds/KW30Z4/debug/libksdk_platform.a(fsl_adc16_driver.o) (ADC16_HAL_Init)
../../lib/ksdk_platform_lib/kds/KW30Z4/debug/libksdk_platform.a(fsl_adc16_common.o)
                              ../../lib/ksdk_platform_lib/kds/KW30Z4/debug/libksdk_platform.a(fsl_adc16_driver.o) (g_adcBase)
c:/freescale/kds_3.0.0/toolchain/bin/../lib/gcc/arm-none-eabi/4.8.4/../../../../arm-none-eabi/lib/armv6-m\libg_s.a(lib_a-assert.o)
                              ./board/board.o (__assert_func)
c:/freescale/kds_3.0.0/toolchain/bin/../lib/gcc/arm-none-eabi/4.8.4/../../../../arm-none-eabi/lib/armv6-m\libg_s.a(lib_a-calloc.o)
                              ../../lib/ksdk_platform_lib/kds/KW30Z4/debug/libksdk_platform.a(fsl_os_abstraction_bm.o) (calloc)
c:/freescale/kds_3.0.0/toolchain/bin/../lib/gcc/arm-none-eabi/4.8.4/../../../../arm-none-eabi/lib/armv6-m\libg_s.a(lib_a-exit.o)
                              c:/freescale/kds_3.0.0/toolchain/bin/../lib/gcc/arm-none-eabi/4.8.4/../../../../arm-none-eabi/lib/armv6-m/crt0.o (exit)
c:/freescale/kds_3.0.0/toolchain/bin/../lib/gcc/arm-none-eabi/4.8.4/../../../../arm-none-eabi/lib/armv6-m\libg_s.a(lib_a-fprintf.o)
                              c:/freescale/kds_3.0.0/toolchain/bin/../lib/gcc/arm-none-eabi/4.8.4/../../../../arm-none-eabi/lib/armv6-m\libg_s.a(lib_a-assert.o) (fiprintf)
c:/freescale/kds_3.0.0/toolchain/bin/../lib/gcc/arm-none-eabi/4.8.4/../../../../arm-none-eabi/lib/armv6-m\libg_s.a(lib_a-impure.o)
                              c:/freescale/kds_3.0.0/toolchain/bin/../lib/gcc/arm-none-eabi/4.8.4/../../../../arm-none-eabi/lib/armv6-m\libg_s.a(lib_a-exit.o) (_global_impure_ptr)
c:/freescale/kds_3.0.0/toolchain/bin/../lib/gcc/arm-none-eabi/4.8.4/../../../../arm-none-eabi/lib/armv6-m\libg_s.a(lib_a-init.o)
                              c:/freescale/kds_3.0.0/toolchain/bin/../lib/gcc/arm-none-eabi/4.8.4/../../../../arm-none-eabi/lib/armv6-m/crt0.o (__libc_init_array)
c:/freescale/kds_3.0.0/toolchain/bin/../lib/gcc/arm-none-eabi/4.8.4/../../../../arm-none-eabi/lib/armv6-m\libg_s.a(lib_a-malloc.o)
                              ../../lib/ksdk_platform_lib/kds/KW30Z4/debug/libksdk_platform.a(fsl_os_abstraction_bm.o) (malloc)
c:/freescale/kds_3.0.0/toolchain/bin/../lib/gcc/arm-none-eabi/4.8.4/../../../../arm-none-eabi/lib/armv6-m\libg_s.a(lib_a-memcpy-stub.o)
                              ./board/adc.o (memcpy)
[...]
Memory Configuration

Name             Origin             Length             Attributes
m_interrupts     0x00000000         0x00000100         xr
m_flash_config   0x00000400         0x00000010         xr
m_text           0x00000410         0x00027bf0         xr
m_data           0x1ffff000         0x00005000         rw
*default*        0x00000000         0xffffffff

Linker script and memory map

LOAD c:/freescale/kds_3.0.0/toolchain/bin/../lib/gcc/arm-none-eabi/4.8.4/armv6-m/crti.o
LOAD c:/freescale/kds_3.0.0/toolchain/bin/../lib/gcc/arm-none-eabi/4.8.4/armv6-m/crtbegin.o
LOAD c:/freescale/kds_3.0.0/toolchain/bin/../lib/gcc/arm-none-eabi/4.8.4/../../../../arm-none-eabi/lib/armv6-m/crt0.o
START GROUP
LOAD ./utilities/fsl_debug_console.o
LOAD ./utilities/print_scan.o
LOAD ./startup/startup.o
LOAD ./startup/startup_MKW30Z4.o
LOAD ./startup/system_MKW30Z4.o
LOAD ./sources/main.o
LOAD ./board/adc.o
LOAD ./board/board.o
LOAD ./board/gpio_pins.o
LOAD ./board/hardware_init.o
LOAD ./board/pin_mux.o
LOAD ./board/uart.o
LOAD ../../lib/ksdk_platform_lib/kds/KW30Z4/debug/libksdk_platform.a
LOAD c:/freescale/kds_3.0.0/toolchain/bin/../lib/gcc/arm-none-eabi/4.8.4/../../../../arm-none-eabi/lib/armv6-m\libm.a
LOAD c:/freescale/kds_3.0.0/toolchain/bin/../lib/gcc/arm-none-eabi/4.8.4/../../../../arm-none-eabi/lib/armv6-m\libg_s.a
LOAD c:/freescale/kds_3.0.0/toolchain/bin/../lib/gcc/arm-none-eabi/4.8.4/armv6-m\libgcc.a
LOAD c:/freescale/kds_3.0.0/toolchain/bin/../lib/gcc/arm-none-eabi/4.8.4/../../../../arm-none-eabi/lib/armv6-m\libnosys.a
END GROUP
START GROUP
LOAD c:/freescale/kds_3.0.0/toolchain/bin/../lib/gcc/arm-none-eabi/4.8.4/armv6-m\libgcc.a
LOAD c:/freescale/kds_3.0.0/toolchain/bin/../lib/gcc/arm-none-eabi/4.8.4/../../../../arm-none-eabi/lib/armv6-m\libg_s.a
LOAD c:/freescale/kds_3.0.0/toolchain/bin/../lib/gcc/arm-none-eabi/4.8.4/../../../../arm-none-eabi/lib/armv6-m\libc_s.a
END GROUP
START GROUP
LOAD c:/freescale/kds_3.0.0/toolchain/bin/../lib/gcc/arm-none-eabi/4.8.4/armv6-m\libgcc.a
LOAD c:/freescale/kds_3.0.0/toolchain/bin/../lib/gcc/arm-none-eabi/4.8.4/../../../../arm-none-eabi/lib/armv6-m\libc_s.a
END GROUP
LOAD c:/freescale/kds_3.0.0/toolchain/bin/../lib/gcc/arm-none-eabi/4.8.4/armv6-m/crtend.o
LOAD c:/freescale/kds_3.0.0/toolchain/bin/../lib/gcc/arm-none-eabi/4.8.4/armv6-m/crtn.o
                0x00000400                HEAP_SIZE = DEFINED (__heap_size__)?__heap_size__:0x400
                0x00000400                STACK_SIZE = DEFINED (__stack_size__)?__stack_size__:0x400
                0x00000000                M_VECTOR_RAM_SIZE = DEFINED (__ram_vector_table__)?0x100:0x0

.interrupts     0x00000000       0xc0
                0x00000000                __VECTOR_TABLE = .
                0x00000000                . = ALIGN (0x4)
 *(.isr_vector)
 .isr_vector    0x00000000       0xc0 ./startup/startup_MKW30Z4.o
                0x00000000                __isr_vector
                0x000000c0                . = ALIGN (0x4)

.flash_config   0x00000400       0x10
                0x00000400                . = ALIGN (0x4)
 *(.FlashConfig)
 .FlashConfig   0x00000400       0x10 ./startup/startup_MKW30Z4.o
                0x00000410                . = ALIGN (0x4)

.text           0x00000410     0x49f8
                0x00000410                . = ALIGN (0x4)
 *(.text)
 .text          0x00000410       0x60 c:/freescale/kds_3.0.0/toolchain/bin/../lib/gcc/arm-none-eabi/4.8.4/armv6-m/crtbegin.o
 .text          0x00000470       0x78 c:/freescale/kds_3.0.0/toolchain/bin/../lib/gcc/arm-none-eabi/4.8.4/../../../../arm-none-eabi/lib/armv6-m/crt0.o
                0x00000470                _start
                0x00000470                _mainCRTStartup
 .text          0x000004e8       0x18 ./startup/startup_MKW30Z4.o
                0x000004e8                Reset_Handler
                0x000004f8                BTLL_RSIM_IRQHandler
                0x000004f8                I2C0_IRQHandler
                0x000004f8                HardFault_Handler
                0x000004f8                SysTick_Handler
                0x000004f8                PendSV_Handler
                0x000004f8                NMI_Handler
                0x000004f8                I2C1_IRQHandler
                0x000004f8                DMA2_IRQHandler
                0x000004f8                TPM0_IRQHandler
                0x000004f8                LLWU_IRQHandler
                0x000004f8                TSI0_IRQHandler
                0x000004f8                ADC0_IRQHandler
                0x000004f8                CMT_IRQHandler
                0x000004f8                SPI1_IRQHandler
                0x000004f8                DefaultISR
                0x000004f8                ZigBee_IRQHandler
                0x000004f8                TPM2_IRQHandler
                0x000004f8                RTC_IRQHandler
                0x000004f8                LVD_LVW_DCDC_IRQHandler
                0x000004f8                RTC_Seconds_IRQHandler
                0x000004f8                MCG_IRQHandler
                0x000004f8                TRNG0_IRQHandler
                0x000004f8                Reserved20_IRQHandler
                0x000004f8                LTC0_IRQHandler
                0x000004f8                PIT_IRQHandler
                0x000004f8                SVC_Handler
                0x000004f8                DMA3_IRQHandler
                0x000004f8                DMA0_IRQHandler
                0x000004f8                DAC0_IRQHandler
                0x000004f8                TPM1_IRQHandler
                0x000004f8                SPI0_IRQHandler
                0x000004f8                PORTA_IRQHandler
                0x000004f8                FTFA_IRQHandler
                0x000004f8                LPTMR0_IRQHandler
                0x000004f8                CMP0_IRQHandler
                0x000004f8                DMA1_IRQHandler
 .text          0x00000500       0x14 c:/freescale/kds_3.0.0/toolchain/bin/../lib/gcc/arm-none-eabi/4.8.4/armv6-m\libgcc.a(_thumb1_case_uqi.o)
                0x00000500                __gnu_thumb1_case_uqi
 .text          0x00000514       0x9c c:/freescale/kds_3.0.0/toolchain/bin/../lib/gcc/arm-none-eabi/4.8.4/armv6-m\libgcc.a(_udivsi3.o)
                0x00000514                __aeabi_uidiv
                0x00000514                __udivsi3
                0x0000059c                __aeabi_uidivmod
 .text          0x000005b0       0xc0 c:/freescale/kds_3.0.0/toolchain/bin/../lib/gcc/arm-none-eabi/4.8.4/armv6-m\libgcc.a(_divsi3.o)
                0x000005b0                __divsi3
                0x000005b0                __aeabi_idiv
                0x0000065c                __aeabi_idivmod
 .text          0x00000670        0x4 c:/freescale/kds_3.0.0/toolchain/bin/../lib/gcc/arm-none-eabi/4.8.4/armv6-m\libgcc.a(_dvmd_tls.o)
                0x00000670                __aeabi_idiv0
                0x00000670                __aeabi_ldiv0
 .text          0x00000674       0x44 c:/freescale/kds_3.0.0/toolchain/bin/../lib/gcc/arm-none-eabi/4.8.4/armv6-m\libgcc.a(_muldi3.o)
                0x00000674                __muldi3
                0x00000674                __aeabi_lmul
 .text          0x000006b8      0x2d8 c:/freescale/kds_3.0.0/toolchain/bin/../lib/gcc/arm-none-eabi/4.8.4/armv6-m\libgcc.a(addsf3.o)
                0x000006b8                __aeabi_fadd
 .text          0x00000990      0x24c c:/freescale/kds_3.0.0/toolchain/bin/../lib/gcc/arm-none-eabi/4.8.4/armv6-m\libgcc.a(divsf3.o)
                0x00000990                __aeabi_fdiv
 .text          0x00000bdc       0xb8 c:/freescale/kds_3.0.0/toolchain/bin/../lib/gcc/arm-none-eabi/4.8.4/armv6-m\libgcc.a(floatsisf.o)
                0x00000bdc                __aeabi_i2f
 .text          0x00000c94      0x520 c:/freescale/kds_3.0.0/toolchain/bin/../lib/gcc/arm-none-eabi/4.8.4/armv6-m\libgcc.a(muldf3.o)
                0x00000c94                __aeabi_dmul
 .text          0x000011b4      0x118 c:/freescale/kds_3.0.0/toolchain/bin/../lib/gcc/arm-none-eabi/4.8.4/armv6-m\libgcc.a(truncdfsf2.o)
                0x000011b4                __aeabi_d2f
 .text          0x000012cc       0x3c c:/freescale/kds_3.0.0/toolchain/bin/../lib/gcc/arm-none-eabi/4.8.4/armv6-m\libgcc.a(_clzsi2.o)
                0x000012cc                __clzsi2
 *(.text*)
 .text._write   0x00001308       0x2c ./utilities/fsl_debug_console.o
                0x00001308                _write
 .text._read    0x00001334       0x28 ./utilities/fsl_debug_console.o
                0x00001334                _read
 .text.init_data_bss
                0x0000135c       0x7c ./startup/startup.o
                0x0000135c                init_data_bss
 .text.SystemInit
                0x000013d8       0x10 ./startup/system_MKW30Z4.o
                0x000013d8                SystemInit
 .text.fireTriac
                0x000013e8       0x44 ./sources/main.o
                0x000013e8                fireTriac
 .text.fireTriac2
                0x0000142c       0x44 ./sources/main.o
                0x0000142c                fireTriac2
 .text.PORTB_PORTC_IRQHandler
                0x00001470       0x34 ./sources/main.o
                0x00001470                PORTB_PORTC_IRQHandler
 .text.LPUART0_IRQHandler
                0x000014a4        0x2 ./sources/main.o
                0x000014a4                LPUART0_IRQHandler
 *fill*         0x000014a6        0x2 
 .text.returnADCReading
                0x000014a8       0x98 ./sources/main.o
                0x000014a8                returnADCReading
 .text.startup.main
                0x00001540      0x2f0 ./sources/main.o
                0x00001540                main
 .text.BOARD_InitOsc0
                0x00001830       0x24 ./board/board.o
                0x00001830                BOARD_InitOsc0
 .text.BOARD_InitRtcOsc
                0x00001854       0x1c ./board/board.o
                0x00001854                BOARD_InitRtcOsc
 .text.BOARD_ClockInit
                0x00001870       0x4c ./board/board.o
                0x00001870                BOARD_ClockInit
 .text.gpio_init
                0x000018bc       0x20 ./board/gpio_pins.o
                0x000018bc                gpio_init
 .text.hardware_init
                0x000018dc       0x24 ./board/hardware_init.o
                0x000018dc                hardware_init
 .text.configure_lpuart_pins
                0x00001900       0x2c ./board/pin_mux.o
                0x00001900                configure_lpuart_pins
 .text.configure_gpio_pins
                0x0000192c       0x50 ./board/pin_mux.o
                0x0000192c                configure_gpio_pins
 .text.CLOCK_HAL_SetInternalRefClkMode
                0x0000197c       0x24 ../../lib/ksdk_platform_lib/kds/KW30Z4/debug/libksdk_platform.a(fsl_mcg_hal.o)
 .text.CLOCK_HAL_GetInternalRefClkMode
                0x000019a0       0x20 ../../lib/ksdk_platform_lib/kds/KW30Z4/debug/libksdk_platform.a(fsl_mcg_hal.o)
 .text.CLOCK_HAL_TestOscFreq
                0x000019c0       0x44 ../../lib/ksdk_platform_lib/kds/KW30Z4/debug/libksdk_platform.a(fsl_mcg_hal.o)
                0x000019c0                CLOCK_HAL_TestOscFreq
 .text.CLOCK_HAL_PrepareOsc
                0x00001a04       0x24 ../../lib/ksdk_platform_lib/kds/KW30Z4/debug/libksdk_platform.a(fsl_mcg_hal.o)
                0x00001a04                CLOCK_HAL_PrepareOsc
 .text.CLOCK_HAL_GetMcgExternalClkFreq
                0x00001a28       0x2c ../../lib/ksdk_platform_lib/kds/KW30Z4/debug/libksdk_platform.a(fsl_mcg_hal.o)
 .text.CLOCK_HAL_TestFllExternalRefFreq
                0x00001a54       0x84 ../../lib/ksdk_platform_lib/kds/KW30Z4/debug/libksdk_platform.a(fsl_mcg_hal.o)
                0x00001a54                CLOCK_HAL_TestFllExternalRefFreq
 .text.CLOCK_HAL_GetFllRefClk
                0x00001ad8       0x98 ../../lib/ksdk_platform_lib/kds/KW30Z4/debug/libksdk_platform.a(fsl_mcg_hal.o)
                0x00001ad8                CLOCK_HAL_GetFllRefClk
 .text.CLOCK_HAL_TestFllFreq
                0x00001b70       0x6c ../../lib/ksdk_platform_lib/kds/KW30Z4/debug/libksdk_platform.a(fsl_mcg_hal.o)
                0x00001b70                CLOCK_HAL_TestFllFreq
 .text.CLOCK_HAL_GetFllClk
                0x00001bdc       0x6c ../../lib/ksdk_platform_lib/kds/KW30Z4/debug/libksdk_platform.a(fsl_mcg_hal.o)
                0x00001bdc                CLOCK_HAL_GetFllClk
 .text.CLOCK_HAL_UpdateFastClkInternalRefDiv
                0x00001c48       0xb8 ../../lib/ksdk_platform_lib/kds/KW30Z4/debug/libksdk_platform.a(fsl_mcg_hal.o)
                0x00001c48                CLOCK_HAL_UpdateFastClkInternalRefDiv
 .text.CLOCK_HAL_GetInternalRefClk
                0x00001d00       0x64 ../../lib/ksdk_platform_lib/kds/KW30Z4/debug/libksdk_platform.a(fsl_mcg_hal.o)
                0x00001d00                CLOCK_HAL_GetInternalRefClk
 .text.LPUART_HAL_Init
                0x00001d64       0x48 ../../lib/ksdk_platform_lib/kds/KW30Z4/debug/libksdk_platform.a(fsl_lpuart_hal.o)
                0x00001d64                LPUART_HAL_Init
 .text.LPUART_HAL_SetBaudRate
                0x00001dac      0x170 ../../lib/ksdk_platform_lib/kds/KW30Z4/debug/libksdk_platform.a(fsl_lpuart_hal.o)
                0x00001dac                LPUART_HAL_SetBaudRate
 .text.LPUART_HAL_SetBitCountPerChar
                0x00001f1c       0x4c ../../lib/ksdk_platform_lib/kds/KW30Z4/debug/libksdk_platform.a(fsl_lpuart_hal.o)
                0x00001f1c                LPUART_HAL_SetBitCountPerChar
 .text.LPUART_HAL_SetParityMode
                0x00001f68       0x40 ../../lib/ksdk_platform_lib/kds/KW30Z4/debug/libksdk_platform.a(fsl_lpuart_hal.o)
                0x00001f68                LPUART_HAL_SetParityMode
 .text.NVIC_EnableIRQ
                0x00001fa8       0x2c ../../lib/ksdk_platform_lib/kds/KW30Z4/debug/libksdk_platform.a(fsl_gpio_driver.o)
 .text.PORT_HAL_SetPullMode
                0x00001fd4       0x48 ../../lib/ksdk_platform_lib/kds/KW30Z4/debug/libksdk_platform.a(fsl_gpio_driver.o)
 .text.PORT_HAL_SetPullCmd
                0x0000201c       0x4c ../../lib/ksdk_platform_lib/kds/KW30Z4/debug/libksdk_platform.a(fsl_gpio_driver.o)
 .text.PORT_HAL_SetSlewRateMode
                0x00002068       0x4c ../../lib/ksdk_platform_lib/kds/KW30Z4/debug/libksdk_platform.a(fsl_gpio_driver.o)
 .text.PORT_HAL_SetPassiveFilterCmd
                0x000020b4       0x4c ../../lib/ksdk_platform_lib/kds/KW30Z4/debug/libksdk_platform.a(fsl_gpio_driver.o)
 .text.PORT_HAL_SetDriveStrengthMode
                0x00002100       0x4c ../../lib/ksdk_platform_lib/kds/KW30Z4/debug/libksdk_platform.a(fsl_gpio_driver.o)
 .text.PORT_HAL_SetMuxMode
                0x0000214c       0x4c ../../lib/ksdk_platform_lib/kds/KW30Z4/debug/libksdk_platform.a(fsl_gpio_driver.o)
 .text.PORT_HAL_SetPinIntMode
                0x00002198       0x4c ../../lib/ksdk_platform_lib/kds/KW30Z4/debug/libksdk_platform.a(fsl_gpio_driver.o)
 .text.GPIO_HAL_SetPinOutput
                0x000021e4       0x3c ../../lib/ksdk_platform_lib/kds/KW30Z4/debug/libksdk_platform.a(fsl_gpio_driver.o)
 .text.GPIO_HAL_ClearPinOutput
                0x00002220       0x3c ../../lib/ksdk_platform_lib/kds/KW30Z4/debug/libksdk_platform.a(fsl_gpio_driver.o)
 .text.INT_SYS_EnableIRQ
                0x0000225c       0x5c ../../lib/ksdk_platform_lib/kds/KW30Z4/debug/libksdk_platform.a(fsl_gpio_driver.o)
 .text.GPIO_DRV_Init
                0x000022b8       0x4c ../../lib/ksdk_platform_lib/kds/KW30Z4/debug/libksdk_platform.a(fsl_gpio_driver.o)
                0x000022b8                GPIO_DRV_Init
 .text.GPIO_DRV_InputPinInit
                0x00002304       0xd4 ../../lib/ksdk_platform_lib/kds/KW30Z4/debug/libksdk_platform.a(fsl_gpio_driver.o)
                0x00002304                GPIO_DRV_InputPinInit
 .text.GPIO_DRV_OutputPinInit
                0x000023d8       0x9c ../../lib/ksdk_platform_lib/kds/KW30Z4/debug/libksdk_platform.a(fsl_gpio_driver.o)
                0x000023d8                GPIO_DRV_OutputPinInit
 .text.GPIO_DRV_SetPinOutput
                0x00002474       0x38 ../../lib/ksdk_platform_lib/kds/KW30Z4/debug/libksdk_platform.a(fsl_gpio_driver.o)
                0x00002474                GPIO_DRV_SetPinOutput
 .text.GPIO_DRV_ClearPinOutput
                0x000024ac       0x38 ../../lib/ksdk_platform_lib/kds/KW30Z4/debug/libksdk_platform.a(fsl_gpio_driver.o)
                0x000024ac                GPIO_DRV_ClearPinOutput
 .text.SIM_HAL_EnableClock
                0x000024e4       0x58 ../../lib/ksdk_platform_lib/kds/KW30Z4/debug/libksdk_platform.a(fsl_clock_MKW30Z4.o)
 .text.CLOCK_HAL_GetLpuartSrc
                0x0000253c       0x28 ../../lib/ksdk_platform_lib/kds/KW30Z4/debug/libksdk_platform.a(fsl_clock_MKW30Z4.o)
 .text.CLOCK_HAL_SetExternalRefClock32kSrc
                0x00002564       0x28 ../../lib/ksdk_platform_lib/kds/KW30Z4/debug/libksdk_platform.a(fsl_clock_MKW30Z4.o)
 .text.CLOCK_SYS_SetSimConfigration
                0x0000258c       0x38 ../../lib/ksdk_platform_lib/kds/KW30Z4/debug/libksdk_platform.a(fsl_clock_MKW30Z4.o)
                0x0000258c                CLOCK_SYS_SetSimConfigration
 .text.CLOCK_SYS_GetOsc0ExternalRefClockFreq
                0x000025c4       0x14 ../../lib/ksdk_platform_lib/kds/KW30Z4/debug/libksdk_platform.a(fsl_clock_MKW30Z4.o)
                0x000025c4                CLOCK_SYS_GetOsc0ExternalRefClockFreq
 .text.CLOCK_SYS_GetLpuartFreq
                0x000025d8       0x6c ../../lib/ksdk_platform_lib/kds/KW30Z4/debug/libksdk_platform.a(fsl_clock_MKW30Z4.o)
                0x000025d8                CLOCK_SYS_GetLpuartFreq
 .text.CLOCK_SYS_EnablePortClock
                0x00002644       0x4c ../../lib/ksdk_platform_lib/kds/KW30Z4/debug/libksdk_platform.a(fsl_clock_MKW30Z4.o)
                0x00002644                CLOCK_SYS_EnablePortClock
 .text.CLOCK_SYS_EnableLpuartClock
                0x00002690       0x40 ../../lib/ksdk_platform_lib/kds/KW30Z4/debug/libksdk_platform.a(fsl_clock_MKW30Z4.o)
                0x00002690                CLOCK_SYS_EnableLpuartClock
 .text.SIM_HAL_EnableClock
                0x000026d0       0x58 ../../lib/ksdk_platform_lib/kds/KW30Z4/debug/libksdk_platform.a(fsl_clock_manager.o)
 .text.CLOCK_HAL_SetInternalRefClkEnableCmd
                0x00002728       0x28 ../../lib/ksdk_platform_lib/kds/KW30Z4/debug/libksdk_platform.a(fsl_clock_manager.o)
 .text.CLOCK_HAL_SetInternalRefClkEnableInStopCmd
                0x00002750       0x24 ../../lib/ksdk_platform_lib/kds/KW30Z4/debug/libksdk_platform.a(fsl_clock_manager.o)
 .text.CLOCK_HAL_SetInternalRefClkMode
                0x00002774       0x24 ../../lib/ksdk_platform_lib/kds/KW30Z4/debug/libksdk_platform.a(fsl_clock_manager.o)
 .text.CLOCK_HAL_GetInternalRefClkMode
                0x00002798       0x20 ../../lib/ksdk_platform_lib/kds/KW30Z4/debug/libksdk_platform.a(fsl_clock_manager.o)
 .text.CLOCK_SYS_EnableRtcClock
                0x000027b8       0x1c ../../lib/ksdk_platform_lib/kds/KW30Z4/debug/libksdk_platform.a(fsl_clock_manager.o)
 .text.RTC_HAL_SetOsc2pfLoadCmd
                0x000027d4       0x28 ../../lib/ksdk_platform_lib/kds/KW30Z4/debug/libksdk_platform.a(fsl_clock_manager.o)
 .text.RTC_HAL_SetOsc4pfLoadCmd
                0x000027fc       0x28 ../../lib/ksdk_platform_lib/kds/KW30Z4/debug/libksdk_platform.a(fsl_clock_manager.o)
 .text.RTC_HAL_SetOsc8pfLoadCmd
                0x00002824       0x28 ../../lib/ksdk_platform_lib/kds/KW30Z4/debug/libksdk_platform.a(fsl_clock_manager.o)
 .text.RTC_HAL_SetOsc16pfLoadCmd
                0x0000284c       0x28 ../../lib/ksdk_platform_lib/kds/KW30Z4/debug/libksdk_platform.a(fsl_clock_manager.o)
 .text.RTC_HAL_SetOscillatorCmd
                0x00002874       0x28 ../../lib/ksdk_platform_lib/kds/KW30Z4/debug/libksdk_platform.a(fsl_clock_manager.o)
 .text.RTC_HAL_IsOscillatorEnabled
                0x0000289c       0x24 ../../lib/ksdk_platform_lib/kds/KW30Z4/debug/libksdk_platform.a(fsl_clock_manager.o)
 .text.CLOCK_SYS_FllStableDelay
                0x000028c0       0x24 ../../lib/ksdk_platform_lib/kds/KW30Z4/debug/libksdk_platform.a(fsl_clock_manager.o)
 .text.CLOCK_SYS_McgModeToIdx
                0x000028e4       0x6c ../../lib/ksdk_platform_lib/kds/KW30Z4/debug/libksdk_platform.a(fsl_clock_manager.o)
 .text.CLOCK_SYS_SetMcgMode
                0x00002950      0x18c ../../lib/ksdk_platform_lib/kds/KW30Z4/debug/libksdk_platform.a(fsl_clock_manager.o)
                0x00002950                CLOCK_SYS_SetMcgMode
 .text.CLOCK_SYS_RtcOscInit
                0x00002adc       0xb0 ../../lib/ksdk_platform_lib/kds/KW30Z4/debug/libksdk_platform.a(fsl_clock_manager.o)
                0x00002adc                CLOCK_SYS_RtcOscInit
 .text.SIM_HAL_EnableClock
                0x00002b8c       0x58 ../../lib/ksdk_platform_lib/kds/KW30Z4/debug/libksdk_platform.a(fsl_os_abstraction_bm.o)
 .text.CLOCK_SYS_EnableLptmrClock
                0x00002be4       0x1c ../../lib/ksdk_platform_lib/kds/KW30Z4/debug/libksdk_platform.a(fsl_os_abstraction_bm.o)
 .text.LPTMR_HAL_Enable
                0x00002c00       0x1c ../../lib/ksdk_platform_lib/kds/KW30Z4/debug/libksdk_platform.a(fsl_os_abstraction_bm.o)
 .text.LPTMR_HAL_Disable
                0x00002c1c       0x1c ../../lib/ksdk_platform_lib/kds/KW30Z4/debug/libksdk_platform.a(fsl_os_abstraction_bm.o)
 .text.LPTMR_HAL_SetIntCmd
                0x00002c38       0x24 ../../lib/ksdk_platform_lib/kds/KW30Z4/debug/libksdk_platform.a(fsl_os_abstraction_bm.o)
 .text.OSA_TimeInit
                0x00002c5c       0x60 ../../lib/ksdk_platform_lib/kds/KW30Z4/debug/libksdk_platform.a(fsl_os_abstraction_bm.o)
                0x00002c5c                OSA_TimeInit
 .text.task_init
                0x00002cbc       0x60 ../../lib/ksdk_platform_lib/kds/KW30Z4/debug/libksdk_platform.a(fsl_os_abstraction_bm.o)
                0x00002cbc                task_init
 .text.OSA_TimeGetMsec
                0x00002d1c       0x18 ../../lib/ksdk_platform_lib/kds/KW30Z4/debug/libksdk_platform.a(fsl_os_abstraction_bm.o)
                0x00002d1c                OSA_TimeGetMsec
 .text.OSA_Init
                0x00002d34       0x14 ../../lib/ksdk_platform_lib/kds/KW30Z4/debug/libksdk_platform.a(fsl_os_abstraction_bm.o)
                0x00002d34                OSA_Init
 .text.CLOCK_HAL_SetOutDiv
                0x00002d48       0x50 ../../lib/ksdk_platform_lib/kds/KW30Z4/debug/libksdk_platform.a(fsl_sim_hal_MKW30Z4.o)
                0x00002d48                CLOCK_HAL_SetOutDiv
 .text.CLOCK_HAL_GetClkOutStat
                0x00002d98       0x20 ../../lib/ksdk_platform_lib/kds/KW30Z4/debug/libksdk_platform.a(fsl_mcg_hal_modes.o)
 .text.CLOCK_HAL_GetFllSrc
                0x00002db8       0x20 ../../lib/ksdk_platform_lib/kds/KW30Z4/debug/libksdk_platform.a(fsl_mcg_hal_modes.o)
 .text.CLOCK_HAL_GetInternalRefClkMode
                0x00002dd8       0x20 ../../lib/ksdk_platform_lib/kds/KW30Z4/debug/libksdk_platform.a(fsl_mcg_hal_modes.o)
 .text.CLOCK_HAL_IsOsc0Stable
                0x00002df8       0x24 ../../lib/ksdk_platform_lib/kds/KW30Z4/debug/libksdk_platform.a(fsl_mcg_hal_modes.o)
 .text.CLOCK_HAL_GetMcgMode
                0x00002e1c       0xdc ../../lib/ksdk_platform_lib/kds/KW30Z4/debug/libksdk_platform.a(fsl_mcg_hal_modes.o)
                0x00002e1c                CLOCK_HAL_GetMcgMode
 .text.CLOCK_HAL_SetFeiMode
                0x00002ef8       0xf8 ../../lib/ksdk_platform_lib/kds/KW30Z4/debug/libksdk_platform.a(fsl_mcg_hal_modes.o)
                0x00002ef8                CLOCK_HAL_SetFeiMode
 .text.CLOCK_HAL_SetFeeMode
                0x00002ff0      0x148 ../../lib/ksdk_platform_lib/kds/KW30Z4/debug/libksdk_platform.a(fsl_mcg_hal_modes.o)
                0x00002ff0                CLOCK_HAL_SetFeeMode
 .text.CLOCK_HAL_SetFbiMode
                0x00003138      0x144 ../../lib/ksdk_platform_lib/kds/KW30Z4/debug/libksdk_platform.a(fsl_mcg_hal_modes.o)
                0x00003138                CLOCK_HAL_SetFbiMode
 .text.CLOCK_HAL_SetFbeMode
                0x0000327c      0x160 ../../lib/ksdk_platform_lib/kds/KW30Z4/debug/libksdk_platform.a(fsl_mcg_hal_modes.o)
                0x0000327c                CLOCK_HAL_SetFbeMode
 .text.CLOCK_HAL_SetBlpiMode
                0x000033dc       0x68 ../../lib/ksdk_platform_lib/kds/KW30Z4/debug/libksdk_platform.a(fsl_mcg_hal_modes.o)
                0x000033dc                CLOCK_HAL_SetBlpiMode
 .text.CLOCK_HAL_SetBlpeMode
                0x00003444       0x34 ../../lib/ksdk_platform_lib/kds/KW30Z4/debug/libksdk_platform.a(fsl_mcg_hal_modes.o)
                0x00003444                CLOCK_HAL_SetBlpeMode
 .text.LPTMR_HAL_SetTimerWorkingMode
                0x00003478       0x5c ../../lib/ksdk_platform_lib/kds/KW30Z4/debug/libksdk_platform.a(fsl_lptmr_hal.o)
                0x00003478                LPTMR_HAL_SetTimerWorkingMode
 .text.LPTMR_HAL_SetPrescalerMode
                0x000034d4       0x3c ../../lib/ksdk_platform_lib/kds/KW30Z4/debug/libksdk_platform.a(fsl_lptmr_hal.o)
                0x000034d4                LPTMR_HAL_SetPrescalerMode
 .text.LPTMR_HAL_GetCounterValue
                0x00003510       0x2c ../../lib/ksdk_platform_lib/kds/KW30Z4/debug/libksdk_platform.a(fsl_lptmr_hal.o)
                0x00003510                LPTMR_HAL_GetCounterValue
 .text.GPIO_HAL_SetPinDir
                0x0000353c       0x6c ../../lib/ksdk_platform_lib/kds/KW30Z4/debug/libksdk_platform.a(fsl_gpio_hal.o)
                0x0000353c                GPIO_HAL_SetPinDir
 .text.GPIO_HAL_WritePinOutput
                0x000035a8       0x50 ../../lib/ksdk_platform_lib/kds/KW30Z4/debug/libksdk_platform.a(fsl_gpio_hal.o)
                0x000035a8                GPIO_HAL_WritePinOutput
 .text.__assert_func
                0x000035f8       0x3c c:/freescale/kds_3.0.0/toolchain/bin/../lib/gcc/arm-none-eabi/4.8.4/../../../../arm-none-eabi/lib/armv6-m\libg_s.a(lib_a-assert.o)
                0x000035f8                __assert_func
 .text.exit     0x00003634       0x2c c:/freescale/kds_3.0.0/toolchain/bin/../lib/gcc/arm-none-eabi/4.8.4/../../../../arm-none-eabi/lib/armv6-m\libg_s.a(lib_a-exit.o)
                0x00003634                exit
 .text.fprintf  0x00003660       0x24 c:/freescale/kds_3.0.0/toolchain/bin/../lib/gcc/arm-none-eabi/4.8.4/../../../../arm-none-eabi/lib/armv6-m\libg_s.a(lib_a-fprintf.o)
                0x00003660                fiprintf
                0x00003660                fprintf
 .text.__libc_init_array
                0x00003684       0x4c c:/freescale/kds_3.0.0/toolchain/bin/../lib/gcc/arm-none-eabi/4.8.4/../../../../arm-none-eabi/lib/armv6-m\libg_s.a(lib_a-init.o)
                0x00003684                __libc_init_array
 .text.malloc   0x000036d0       0x14 c:/freescale/kds_3.0.0/toolchain/bin/../lib/gcc/arm-none-eabi/4.8.4/../../../../arm-none-eabi/lib/armv6-m\libg_s.a(lib_a-malloc.o)
                0x000036d0                malloc
 .text.memset   0x000036e4       0x10 c:/freescale/kds_3.0.0/toolchain/bin/../lib/gcc/arm-none-eabi/4.8.4/../../../../arm-none-eabi/lib/armv6-m\libg_s.a(lib_a-memset.o)
                0x000036e4                memset
 .text._free_r  0x000036f4       0x90 c:/freescale/kds_3.0.0/toolchain/bin/../lib/gcc/arm-none-eabi/4.8.4/../../../../arm-none-eabi/lib/armv6-m\libg_s.a(lib_a-nano-freer.o)
                0x000036f4                _free_r
 .text._malloc_r
                0x00003784       0xa8 c:/freescale/kds_3.0.0/toolchain/bin/../lib/gcc/arm-none-eabi/4.8.4/../../../../arm-none-eabi/lib/armv6-m\libg_s.a(lib_a-nano-mallocr.o)
                0x00003784                _malloc_r
 *fill*         0x0000382c        0x4 
 .text.rand     0x00003830       0x78 c:/freescale/kds_3.0.0/toolchain/bin/../lib/gcc/arm-none-eabi/4.8.4/../../../../arm-none-eabi/lib/armv6-m\libg_s.a(lib_a-rand.o)
                0x00003830                rand
 .text._sbrk_r  0x000038a8       0x24 c:/freescale/kds_3.0.0/toolchain/bin/../lib/gcc/arm-none-eabi/4.8.4/../../../../arm-none-eabi/lib/armv6-m\libg_s.a(lib_a-sbrkr.o)
                0x000038a8                _sbrk_r
 .text.strlen   0x000038cc        0xe c:/freescale/kds_3.0.0/toolchain/bin/../lib/gcc/arm-none-eabi/4.8.4/../../../../arm-none-eabi/lib/armv6-m\libg_s.a(lib_a-strlen.o)
                0x000038cc                strlen
 .text.__sfputc_r
                0x000038da       0x2a c:/freescale/kds_3.0.0/toolchain/bin/../lib/gcc/arm-none-eabi/4.8.4/../../../../arm-none-eabi/lib/armv6-m\libg_s.a(lib_a-vfprintf.o)
 .text.__sfputs_r
                0x00003904       0x24 c:/freescale/kds_3.0.0/toolchain/bin/../lib/gcc/arm-none-eabi/4.8.4/../../../../arm-none-eabi/lib/armv6-m\libg_s.a(lib_a-vfprintf.o)
                0x00003904                __sfputs_r
 .text._vfprintf_r
                0x00003928      0x210 c:/freescale/kds_3.0.0/toolchain/bin/../lib/gcc/arm-none-eabi/4.8.4/../../../../arm-none-eabi/lib/armv6-m\libg_s.a(lib_a-vfprintf.o)
                0x00003928                _vfprintf_r
                0x00003928                _vfiprintf_r
 .text._printf_common
                0x00003b38       0xe8 c:/freescale/kds_3.0.0/toolchain/bin/../lib/gcc/arm-none-eabi/4.8.4/../../../../arm-none-eabi/lib/armv6-m\libg_s.a(lib_a-vfprintf_i.o)
                0x00003b38                _printf_common
 .text._printf_i
                0x00003c20      0x22c c:/freescale/kds_3.0.0/toolchain/bin/../lib/gcc/arm-none-eabi/4.8.4/../../../../arm-none-eabi/lib/armv6-m\libg_s.a(lib_a-vfprintf_i.o)
                0x00003c20                _printf_i
 .text.__swbuf_r
                0x00003e4c       0xb0 c:/freescale/kds_3.0.0/toolchain/bin/../lib/gcc/arm-none-eabi/4.8.4/../../../../arm-none-eabi/lib/armv6-m\libg_s.a(lib_a-wbuf.o)
                0x00003e4c                __swbuf_r
 .text.__swsetup_r
                0x00003efc       0xe4 c:/freescale/kds_3.0.0/toolchain/bin/../lib/gcc/arm-none-eabi/4.8.4/../../../../arm-none-eabi/lib/armv6-m\libg_s.a(lib_a-wsetup.o)
                0x00003efc                __swsetup_r
 .text.abort    0x00003fe0        0xe c:/freescale/kds_3.0.0/toolchain/bin/../lib/gcc/arm-none-eabi/4.8.4/../../../../arm-none-eabi/lib/armv6-m\libg_s.a(lib_a-abort.o)
                0x00003fe0                abort
 .text.__sflush_r
                0x00003fee      0x112 c:/freescale/kds_3.0.0/toolchain/bin/../lib/gcc/arm-none-eabi/4.8.4/../../../../arm-none-eabi/lib/armv6-m\libg_s.a(lib_a-fflush.o)
                0x00003fee                __sflush_r
 .text._fflush_r
                0x00004100       0x58 c:/freescale/kds_3.0.0/toolchain/bin/../lib/gcc/arm-none-eabi/4.8.4/../../../../arm-none-eabi/lib/armv6-m\libg_s.a(lib_a-fflush.o)
                0x00004100                _fflush_r
 .text._cleanup_r
                0x00004158       0x34 c:/freescale/kds_3.0.0/toolchain/bin/../lib/gcc/arm-none-eabi/4.8.4/../../../../arm-none-eabi/lib/armv6-m\libg_s.a(lib_a-findfp.o)
                0x00004158                _cleanup_r
 .text.std.isra.0
                0x0000418c       0x48 c:/freescale/kds_3.0.0/toolchain/bin/../lib/gcc/arm-none-eabi/4.8.4/../../../../arm-none-eabi/lib/armv6-m\libg_s.a(lib_a-findfp.o)
 .text.__sfmoreglue
                0x000041d4       0x2c c:/freescale/kds_3.0.0/toolchain/bin/../lib/gcc/arm-none-eabi/4.8.4/../../../../arm-none-eabi/lib/armv6-m\libg_s.a(lib_a-findfp.o)
                0x000041d4                __sfmoreglue
 .text.__sinit  0x00004200       0x64 c:/freescale/kds_3.0.0/toolchain/bin/../lib/gcc/arm-none-eabi/4.8.4/../../../../arm-none-eabi/lib/armv6-m\libg_s.a(lib_a-findfp.o)
                0x00004200                __sinit
 .text.__sfp    0x00004264       0x7c c:/freescale/kds_3.0.0/toolchain/bin/../lib/gcc/arm-none-eabi/4.8.4/../../../../arm-none-eabi/lib/armv6-m\libg_s.a(lib_a-findfp.o)
                0x00004264                __sfp
 .text.__smakebuf_r
                0x000042e0       0xa0 c:/freescale/kds_3.0.0/toolchain/bin/../lib/gcc/arm-none-eabi/4.8.4/../../../../arm-none-eabi/lib/armv6-m\libg_s.a(lib_a-makebuf.o)
                0x000042e0                __smakebuf_r
 .text.memchr   0x00004380       0x16 c:/freescale/kds_3.0.0/toolchain/bin/../lib/gcc/arm-none-eabi/4.8.4/../../../../arm-none-eabi/lib/armv6-m\libg_s.a(lib_a-memchr-stub.o)
                0x00004380                memchr
 .text._raise_r
                0x00004396       0x56 c:/freescale/kds_3.0.0/toolchain/bin/../lib/gcc/arm-none-eabi/4.8.4/../../../../arm-none-eabi/lib/armv6-m\libg_s.a(lib_a-signal.o)
                0x00004396                _raise_r
 .text.raise    0x000043ec       0x14 c:/freescale/kds_3.0.0/toolchain/bin/../lib/gcc/arm-none-eabi/4.8.4/../../../../arm-none-eabi/lib/armv6-m\libg_s.a(lib_a-signal.o)
                0x000043ec                raise
 .text._kill_r  0x00004400       0x24 c:/freescale/kds_3.0.0/toolchain/bin/../lib/gcc/arm-none-eabi/4.8.4/../../../../arm-none-eabi/lib/armv6-m\libg_s.a(lib_a-signalr.o)
                0x00004400                _kill_r
 .text._getpid_r
                0x00004424        0x8 c:/freescale/kds_3.0.0/toolchain/bin/../lib/gcc/arm-none-eabi/4.8.4/../../../../arm-none-eabi/lib/armv6-m\libg_s.a(lib_a-signalr.o)
                0x00004424                _getpid_r
 .text.__sread  0x0000442c       0x28 c:/freescale/kds_3.0.0/toolchain/bin/../lib/gcc/arm-none-eabi/4.8.4/../../../../arm-none-eabi/lib/armv6-m\libg_s.a(lib_a-stdio.o)
                0x0000442c                __sread
 .text.__swrite
                0x00004454       0x38 c:/freescale/kds_3.0.0/toolchain/bin/../lib/gcc/arm-none-eabi/4.8.4/../../../../arm-none-eabi/lib/armv6-m\libg_s.a(lib_a-stdio.o)
                0x00004454                __swrite
 .text.__sseek  0x0000448c       0x2c c:/freescale/kds_3.0.0/toolchain/bin/../lib/gcc/arm-none-eabi/4.8.4/../../../../arm-none-eabi/lib/armv6-m\libg_s.a(lib_a-stdio.o)
                0x0000448c                __sseek
 .text.__sclose
                0x000044b8        0xc c:/freescale/kds_3.0.0/toolchain/bin/../lib/gcc/arm-none-eabi/4.8.4/../../../../arm-none-eabi/lib/armv6-m\libg_s.a(lib_a-stdio.o)
                0x000044b8                __sclose
 .text._write_r
                0x000044c4       0x28 c:/freescale/kds_3.0.0/toolchain/bin/../lib/gcc/arm-none-eabi/4.8.4/../../../../arm-none-eabi/lib/armv6-m\libg_s.a(lib_a-writer.o)
                0x000044c4                _write_r
 .text._close_r
                0x000044ec       0x24 c:/freescale/kds_3.0.0/toolchain/bin/../lib/gcc/arm-none-eabi/4.8.4/../../../../arm-none-eabi/lib/armv6-m\libg_s.a(lib_a-closer.o)
                0x000044ec                _close_r
 .text._fstat_r
                0x00004510       0x24 c:/freescale/kds_3.0.0/toolchain/bin/../lib/gcc/arm-none-eabi/4.8.4/../../../../arm-none-eabi/lib/armv6-m\libg_s.a(lib_a-fstatr.o)
                0x00004510                _fstat_r
 .text._isatty_r
                0x00004534       0x24 c:/freescale/kds_3.0.0/toolchain/bin/../lib/gcc/arm-none-eabi/4.8.4/../../../../arm-none-eabi/lib/armv6-m\libg_s.a(lib_a-isattyr.o)
                0x00004534                _isatty_r
 .text._lseek_r
                0x00004558       0x28 c:/freescale/kds_3.0.0/toolchain/bin/../lib/gcc/arm-none-eabi/4.8.4/../../../../arm-none-eabi/lib/armv6-m\libg_s.a(lib_a-lseekr.o)
                0x00004558                _lseek_r
 .text._read_r  0x00004580       0x28 c:/freescale/kds_3.0.0/toolchain/bin/../lib/gcc/arm-none-eabi/4.8.4/../../../../arm-none-eabi/lib/armv6-m\libg_s.a(lib_a-readr.o)
                0x00004580                _read_r
 .text._close   0x000045a8       0x10 c:/freescale/kds_3.0.0/toolchain/bin/../lib/gcc/arm-none-eabi/4.8.4/../../../../arm-none-eabi/lib/armv6-m\libnosys.a(close.o)
                0x000045a8                _close
 .text._fstat   0x000045b8       0x10 c:/freescale/kds_3.0.0/toolchain/bin/../lib/gcc/arm-none-eabi/4.8.4/../../../../arm-none-eabi/lib/armv6-m\libnosys.a(fstat.o)
                0x000045b8                _fstat
 .text._getpid  0x000045c8       0x10 c:/freescale/kds_3.0.0/toolchain/bin/../lib/gcc/arm-none-eabi/4.8.4/../../../../arm-none-eabi/lib/armv6-m\libnosys.a(getpid.o)
                0x000045c8                _getpid
 .text._isatty  0x000045d8       0x10 c:/freescale/kds_3.0.0/toolchain/bin/../lib/gcc/arm-none-eabi/4.8.4/../../../../arm-none-eabi/lib/armv6-m\libnosys.a(isatty.o)
                0x000045d8                _isatty
 .text._kill    0x000045e8       0x10 c:/freescale/kds_3.0.0/toolchain/bin/../lib/gcc/arm-none-eabi/4.8.4/../../../../arm-none-eabi/lib/armv6-m\libnosys.a(kill.o)
                0x000045e8                _kill
 .text._lseek   0x000045f8       0x10 c:/freescale/kds_3.0.0/toolchain/bin/../lib/gcc/arm-none-eabi/4.8.4/../../../../arm-none-eabi/lib/armv6-m\libnosys.a(lseek.o)
                0x000045f8                _lseek
 .text._sbrk    0x00004608       0x34 c:/freescale/kds_3.0.0/toolchain/bin/../lib/gcc/arm-none-eabi/4.8.4/../../../../arm-none-eabi/lib/armv6-m\libnosys.a(sbrk.o)
                0x00004608                _sbrk
 .text._exit    0x0000463c        0x4 c:/freescale/kds_3.0.0/toolchain/bin/../lib/gcc/arm-none-eabi/4.8.4/../../../../arm-none-eabi/lib/armv6-m\libnosys.a(_exit.o)
                0x0000463c                _exit
 *(.rodata)
 .rodata        0x00004640        0xc ./board/board.o
 .rodata        0x0000464c       0xf0 ../../lib/ksdk_platform_lib/kds/KW30Z4/debug/libksdk_platform.a(fsl_gpio_driver.o)
 .rodata        0x0000473c      0x23c ../../lib/ksdk_platform_lib/kds/KW30Z4/debug/libksdk_platform.a(fsl_clock_MKW30Z4.o)
 .rodata        0x00004978       0xbc ../../lib/ksdk_platform_lib/kds/KW30Z4/debug/libksdk_platform.a(fsl_clock_manager.o)
 .rodata        0x00004a34       0x5c ../../lib/ksdk_platform_lib/kds/KW30Z4/debug/libksdk_platform.a(fsl_gpio_hal.o)
 .rodata        0x00004a90       0x40 c:/freescale/kds_3.0.0/toolchain/bin/../lib/gcc/arm-none-eabi/4.8.4/armv6-m\libgcc.a(divsf3.o)
 .rodata        0x00004ad0       0x40 c:/freescale/kds_3.0.0/toolchain/bin/../lib/gcc/arm-none-eabi/4.8.4/armv6-m\libgcc.a(muldf3.o)
 *(.rodata*)
 .rodata.g_defaultClockConfigRun
                0x00004b10        0xe ./board/board.o
                0x00004b10                g_defaultClockConfigRun
 *fill*         0x00004b1e        0x2 
 .rodata.fllFactorTable.5523
                0x00004b20       0x10 ../../lib/ksdk_platform_lib/kds/KW30Z4/debug/libksdk_platform.a(fsl_mcg_hal.o)
 .rodata.__func__.5322
                0x00004b30       0x14 ../../lib/ksdk_platform_lib/kds/KW30Z4/debug/libksdk_platform.a(fsl_gpio_driver.o)
 .rodata.__func__.5298
                0x00004b44       0x14 ../../lib/ksdk_platform_lib/kds/KW30Z4/debug/libksdk_platform.a(fsl_gpio_driver.o)
 .rodata.__func__.5292
                0x00004b58       0x18 ../../lib/ksdk_platform_lib/kds/KW30Z4/debug/libksdk_platform.a(fsl_gpio_driver.o)
 .rodata.__func__.5310
                0x00004b70       0x20 ../../lib/ksdk_platform_lib/kds/KW30Z4/debug/libksdk_platform.a(fsl_gpio_driver.o)
 .rodata.__func__.5336
                0x00004b90       0x18 ../../lib/ksdk_platform_lib/kds/KW30Z4/debug/libksdk_platform.a(fsl_gpio_driver.o)
 .rodata.__func__.6597
                0x00004ba8       0x14 ../../lib/ksdk_platform_lib/kds/KW30Z4/debug/libksdk_platform.a(fsl_gpio_driver.o)
 .rodata.__func__.5304
                0x00004bbc       0x1c ../../lib/ksdk_platform_lib/kds/KW30Z4/debug/libksdk_platform.a(fsl_gpio_driver.o)
 .rodata.__func__.5316
                0x00004bd8       0x20 ../../lib/ksdk_platform_lib/kds/KW30Z4/debug/libksdk_platform.a(fsl_gpio_driver.o)
 .rodata.__func__.5400
                0x00004bf8       0x18 ../../lib/ksdk_platform_lib/kds/KW30Z4/debug/libksdk_platform.a(fsl_gpio_driver.o)
 .rodata.__func__.5405
                0x00004c10       0x18 ../../lib/ksdk_platform_lib/kds/KW30Z4/debug/libksdk_platform.a(fsl_gpio_driver.o)
 .rodata.portGateTable
                0x00004c28        0x4 ../../lib/ksdk_platform_lib/kds/KW30Z4/debug/libksdk_platform.a(fsl_clock_MKW30Z4.o)
 .rodata.__func__.6395
                0x00004c2c       0x1c ../../lib/ksdk_platform_lib/kds/KW30Z4/debug/libksdk_platform.a(fsl_clock_MKW30Z4.o)
 .rodata.__func__.6460
                0x00004c48       0x1c ../../lib/ksdk_platform_lib/kds/KW30Z4/debug/libksdk_platform.a(fsl_clock_MKW30Z4.o)
 .rodata.mcgModeMatrix
                0x00004c64       0x24 ../../lib/ksdk_platform_lib/kds/KW30Z4/debug/libksdk_platform.a(fsl_clock_manager.o)
 .rodata.CLOCK_SYS_SetMcgMode
                0x00004c88       0x18 ../../lib/ksdk_platform_lib/kds/KW30Z4/debug/libksdk_platform.a(fsl_clock_manager.o)
 .rodata.__func__.6684
                0x00004ca0       0x18 ../../lib/ksdk_platform_lib/kds/KW30Z4/debug/libksdk_platform.a(fsl_clock_manager.o)
 .rodata.__func__.6711
                0x00004cb8       0x18 ../../lib/ksdk_platform_lib/kds/KW30Z4/debug/libksdk_platform.a(fsl_clock_manager.o)
 .rodata.__func__.5397
                0x00004cd0       0x14 ../../lib/ksdk_platform_lib/kds/KW30Z4/debug/libksdk_platform.a(fsl_gpio_hal.o)
 .rodata.__func__.5403
                0x00004ce4       0x18 ../../lib/ksdk_platform_lib/kds/KW30Z4/debug/libksdk_platform.a(fsl_gpio_hal.o)
 .rodata.g_gpioBase
                0x00004cfc        0xc ../../lib/ksdk_platform_lib/kds/KW30Z4/debug/libksdk_platform.a(fsl_gpio_common.o)
                0x00004cfc                g_gpioBase
 .rodata.g_portBase
                0x00004d08        0xc ../../lib/ksdk_platform_lib/kds/KW30Z4/debug/libksdk_platform.a(fsl_gpio_common.o)
                0x00004d08                g_portBase
 .rodata.g_portIrqId
                0x00004d14        0x4 ../../lib/ksdk_platform_lib/kds/KW30Z4/debug/libksdk_platform.a(fsl_gpio_common.o)
                0x00004d14                g_portIrqId
 .rodata.str1.1
                0x00004d18       0x3c c:/freescale/kds_3.0.0/toolchain/bin/../lib/gcc/arm-none-eabi/4.8.4/../../../../arm-none-eabi/lib/armv6-m\libg_s.a(lib_a-assert.o)
                                 0x3d (size before relaxing)
 .rodata.str1.1
                0x00004d54        0x2 c:/freescale/kds_3.0.0/toolchain/bin/../lib/gcc/arm-none-eabi/4.8.4/../../../../arm-none-eabi/lib/armv6-m\libg_s.a(lib_a-impure.o)
 *fill*         0x00004d56        0x2 
 .rodata._global_impure_ptr
                0x00004d58        0x4 c:/freescale/kds_3.0.0/toolchain/bin/../lib/gcc/arm-none-eabi/4.8.4/../../../../arm-none-eabi/lib/armv6-m\libg_s.a(lib_a-impure.o)
                0x00004d58                _global_impure_ptr
 .rodata.str1.1
                0x00004d5c       0x11 c:/freescale/kds_3.0.0/toolchain/bin/../lib/gcc/arm-none-eabi/4.8.4/../../../../arm-none-eabi/lib/armv6-m\libg_s.a(lib_a-vfprintf.o)
 .rodata.str1.1
                0x00004d6d       0x22 c:/freescale/kds_3.0.0/toolchain/bin/../lib/gcc/arm-none-eabi/4.8.4/../../../../arm-none-eabi/lib/armv6-m\libg_s.a(lib_a-vfprintf_i.o)
 *fill*         0x00004d8f        0x1 
 .rodata.__sf_fake_stdin
                0x00004d90       0x20 c:/freescale/kds_3.0.0/toolchain/bin/../lib/gcc/arm-none-eabi/4.8.4/../../../../arm-none-eabi/lib/armv6-m\libg_s.a(lib_a-findfp.o)
                0x00004d90                __sf_fake_stdin
 .rodata.__sf_fake_stdout
                0x00004db0       0x20 c:/freescale/kds_3.0.0/toolchain/bin/../lib/gcc/arm-none-eabi/4.8.4/../../../../arm-none-eabi/lib/armv6-m\libg_s.a(lib_a-findfp.o)
                0x00004db0                __sf_fake_stdout
 .rodata.__sf_fake_stderr
                0x00004dd0       0x20 c:/freescale/kds_3.0.0/toolchain/bin/../lib/gcc/arm-none-eabi/4.8.4/../../../../arm-none-eabi/lib/armv6-m\libg_s.a(lib_a-findfp.o)
                0x00004dd0                __sf_fake_stderr
 *(.glue_7)
 .glue_7        0x00000000        0x0 linker stubs
 *(.glue_7t)
 .glue_7t       0x00000000        0x0 linker stubs
 *(.eh_frame)
 .eh_frame      0x00004df0        0x0 c:/freescale/kds_3.0.0/toolchain/bin/../lib/gcc/arm-none-eabi/4.8.4/armv6-m/crtbegin.o
 *(.init)
 .init          0x00004df0        0x4 c:/freescale/kds_3.0.0/toolchain/bin/../lib/gcc/arm-none-eabi/4.8.4/armv6-m/crti.o
                0x00004df0                _init
 .init          0x00004df4        0x8 c:/freescale/kds_3.0.0/toolchain/bin/../lib/gcc/arm-none-eabi/4.8.4/armv6-m/crtn.o
 *(.fini)
 .fini          0x00004dfc        0x4 c:/freescale/kds_3.0.0/toolchain/bin/../lib/gcc/arm-none-eabi/4.8.4/armv6-m/crti.o
                0x00004dfc                _fini
 .fini          0x00004e00        0x8 c:/freescale/kds_3.0.0/toolchain/bin/../lib/gcc/arm-none-eabi/4.8.4/armv6-m/crtn.o
                0x00004e08                . = ALIGN (0x4)

.vfp11_veneer   0x00004e08        0x0
 .vfp11_veneer  0x00000000        0x0 linker stubs

.v4_bx          0x00004e08        0x0
 .v4_bx         0x00000000        0x0 linker stubs

.iplt           0x00004e08        0x0
 .iplt          0x00000000        0x0 c:/freescale/kds_3.0.0/toolchain/bin/../lib/gcc/arm-none-eabi/4.8.4/armv6-m/crtbegin.o

.ARM.extab
 *(.ARM.extab* .gnu.linkonce.armextab.*)

.ARM            0x00004e08        0x8
                0x00004e08                __exidx_start = .
 *(.ARM.exidx*)
 .ARM.exidx     0x00004e08        0x8 c:/freescale/kds_3.0.0/toolchain/bin/../lib/gcc/arm-none-eabi/4.8.4/../../../../arm-none-eabi/lib/armv6-m/crt0.o
                0x00004e10                __exidx_end = .

.rel.dyn        0x00004e10        0x0
 .rel.iplt      0x00000000        0x0 c:/freescale/kds_3.0.0/toolchain/bin/../lib/gcc/arm-none-eabi/4.8.4/armv6-m/crtbegin.o

.ctors          0x00004e10        0x0
                0x00004e10                __CTOR_LIST__ = .
 *crtbegin.o(.ctors)
 *crtbegin?.o(.ctors)
 *(EXCLUDE_FILE(*crtend.o *crtend?.o) .ctors)
 *(SORT(.ctors.*))
 *(.ctors)
                0x00004e10                __CTOR_END__ = .

.dtors          0x00004e10        0x0
                0x00004e10                __DTOR_LIST__ = .
 *crtbegin.o(.dtors)
 *crtbegin?.o(.dtors)
 *(EXCLUDE_FILE(*crtend.o *crtend?.o) .dtors)
 *(SORT(.dtors.*))
 *(.dtors)
                0x00004e10                __DTOR_END__ = .

.preinit_array  0x00004e10        0x0
                0x00004e10                PROVIDE (__preinit_array_start, .)
 *(.preinit_array*)
                0x00004e10                PROVIDE (__preinit_array_end, .)

.init_array     0x00004e10        0x4
                0x00004e10                PROVIDE (__init_array_start, .)
 *(SORT(.init_array.*))
 *(.init_array*)
 .init_array    0x00004e10        0x4 c:/freescale/kds_3.0.0/toolchain/bin/../lib/gcc/arm-none-eabi/4.8.4/armv6-m/crtbegin.o
                0x00004e14                PROVIDE (__init_array_end, .)

.fini_array     0x00004e14        0x4
                0x00004e14                PROVIDE (__fini_array_start, .)
 *(SORT(.fini_array.*))
 *(.fini_array*)
 .fini_array    0x00004e14        0x4 c:/freescale/kds_3.0.0/toolchain/bin/../lib/gcc/arm-none-eabi/4.8.4/armv6-m/crtbegin.o
                0x00004e18                PROVIDE (__fini_array_end, .)
                0x00004e18                __etext = .
                0x00004e18                __DATA_ROM = .

.mtb            0x1ffff000        0x0
                0x1ffff000                . = ALIGN (0x8)
                0x1ffff000                _mtb_start = .
 *(.mtb_buf)
                0x1ffff000                . = ALIGN (0x8)
                0x1ffff000                _mtb_end = .

.interrupts_ram
                0x1ffff000        0x0
                0x1ffff000                . = ALIGN (0x4)
                0x1ffff000                __VECTOR_RAM__ = .
                0x1ffff000                __interrupts_ram_start__ = .
 *(.m_interrupts_ram)
                0x1ffff000                . = (. + M_VECTOR_RAM_SIZE)
                0x1ffff000                . = ALIGN (0x4)
                0x1ffff000                __interrupts_ram_end__ = .
                0x00000000                __VECTOR_RAM = DEFINED (__ram_vector_table__)?__VECTOR_RAM__:ORIGIN (m_interrupts)
                0x00000000                __RAM_VECTOR_TABLE_SIZE_BYTES = DEFINED (__ram_vector_table__)?(__interrupts_ram_end__ - __interrupts_ram_start__):0x0

.data           0x1ffff000       0xe0 load address 0x00004e18
                0x1ffff000                . = ALIGN (0x4)
                0x1ffff000                __DATA_RAM = .
                0x1ffff000                __data_start__ = .
 *(.data)
 *(.data*)
 .data.SystemCoreClock
                0x1ffff000        0x4 ./startup/system_MKW30Z4.o
                0x1ffff000                SystemCoreClock
 .data.plugTopDimmingSetting
                0x1ffff004        0x1 ./sources/main.o
                0x1ffff004                plugTopDimmingSetting
 .data.plugBottomDimmingSetting
                0x1ffff005        0x1 ./sources/main.o
                0x1ffff005                plugBottomDimmingSetting
 *fill*         0x1ffff006        0x2 
 .data.inputPin
                0x1ffff008       0x10 ./sources/main.o
                0x1ffff008                inputPin
 .data.input    0x1ffff018       0x10 ./board/gpio_pins.o
                0x1ffff018                input
 .data.output   0x1ffff028       0x48 ./board/gpio_pins.o
                0x1ffff028                output
 .data.g_fastInternalRefClkFreq
                0x1ffff070        0x4 ../../lib/ksdk_platform_lib/kds/KW30Z4/debug/libksdk_platform.a(fsl_mcg_hal.o)
                0x1ffff070                g_fastInternalRefClkFreq
 .data.g_slowInternalRefClkFreq
                0x1ffff074        0x4 ../../lib/ksdk_platform_lib/kds/KW30Z4/debug/libksdk_platform.a(fsl_mcg_hal.o)
                0x1ffff074                g_slowInternalRefClkFreq
 .data.impure_data
                0x1ffff078       0x60 c:/freescale/kds_3.0.0/toolchain/bin/../lib/gcc/arm-none-eabi/4.8.4/../../../../arm-none-eabi/lib/armv6-m\libg_s.a(lib_a-impure.o)
 .data._impure_ptr
                0x1ffff0d8        0x4 c:/freescale/kds_3.0.0/toolchain/bin/../lib/gcc/arm-none-eabi/4.8.4/../../../../arm-none-eabi/lib/armv6-m\libg_s.a(lib_a-impure.o)
                0x1ffff0d8                _impure_ptr
 *(.jcr*)
 .jcr           0x1ffff0dc        0x0 c:/freescale/kds_3.0.0/toolchain/bin/../lib/gcc/arm-none-eabi/4.8.4/armv6-m/crtbegin.o
 .jcr           0x1ffff0dc        0x4 c:/freescale/kds_3.0.0/toolchain/bin/../lib/gcc/arm-none-eabi/4.8.4/armv6-m/crtend.o
                0x1ffff0e0                . = ALIGN (0x4)
                0x1ffff0e0                __data_end__ = .
                0x00004ef8                __DATA_END = (__DATA_ROM + (__data_end__ - __data_start__))
                0x00028000                text_end = (ORIGIN (m_text) + 0x27bf0)
                0x00000001                ASSERT ((__DATA_END <= text_end), region m_text overflowed with text and data)

.igot.plt       0x1ffff0e0        0x0 load address 0x00004ef8
 .igot.plt      0x00000000        0x0 c:/freescale/kds_3.0.0/toolchain/bin/../lib/gcc/arm-none-eabi/4.8.4/armv6-m/crtbegin.o

.bss            0x1ffff0e0       0xd0 load address 0x00004ef8
                0x1ffff0e0                . = ALIGN (0x4)
                0x1ffff0e0                __START_BSS = .
                0x1ffff0e0                __bss_start__ = .
 *(.bss)
 .bss           0x1ffff0e0       0x1c c:/freescale/kds_3.0.0/toolchain/bin/../lib/gcc/arm-none-eabi/4.8.4/armv6-m/crtbegin.o
 *(.bss*)
 .bss.s_debugConsole
                0x1ffff0fc       0x10 ./utilities/fsl_debug_console.o
 .bss.timeElapsed2
                0x1ffff10c        0x4 ./sources/main.o
                0x1ffff10c                timeElapsed2
 .bss.currentTime
                0x1ffff110        0x4 ./sources/main.o
                0x1ffff110                currentTime
 .bss.currentTime2
                0x1ffff114        0x4 ./sources/main.o
                0x1ffff114                currentTime2
 .bss.toFireTriac
                0x1ffff118        0x1 ./sources/main.o
                0x1ffff118                toFireTriac
 .bss.plugBottomPower
                0x1ffff119        0x1 ./sources/main.o
                0x1ffff119                plugBottomPower
 .bss.plugBottomIn
                0x1ffff11a        0x1 ./sources/main.o
                0x1ffff11a                plugBottomIn
 *fill*         0x1ffff11b        0x1 
 .bss.zeroCrossingTime
                0x1ffff11c        0x4 ./sources/main.o
                0x1ffff11c                zeroCrossingTime
 .bss.plugBottomADCSample
                0x1ffff120        0x4 ./sources/main.o
                0x1ffff120                plugBottomADCSample
 .bss.toFireTriac2
                0x1ffff124        0x1 ./sources/main.o
                0x1ffff124                toFireTriac2
 .bss.plugTopIn
                0x1ffff125        0x1 ./sources/main.o
                0x1ffff125                plugTopIn
 .bss.plugTopPower
                0x1ffff126        0x1 ./sources/main.o
                0x1ffff126                plugTopPower
 *fill*         0x1ffff127        0x1 
 .bss.plugTopADCSample
                0x1ffff128        0x4 ./sources/main.o
                0x1ffff128                plugTopADCSample
 .bss.random1   0x1ffff12c        0x1 ./sources/main.o
                0x1ffff12c                random1
 *fill*         0x1ffff12d        0x3 
 .bss.timeElapsed
                0x1ffff130        0x4 ./sources/main.o
                0x1ffff130                timeElapsed
 .bss.g_xtal0ClkFreq
                0x1ffff134        0x4 ../../lib/ksdk_platform_lib/kds/KW30Z4/debug/libksdk_platform.a(fsl_mcg_hal.o)
                0x1ffff134                g_xtal0ClkFreq
 .bss.g_xtalRtcClkFreq
                0x1ffff138        0x4 ../../lib/ksdk_platform_lib/kds/KW30Z4/debug/libksdk_platform.a(fsl_mcg_hal.o)
                0x1ffff138                g_xtalRtcClkFreq
 .bss.g_taskControlBlockPool
                0x1ffff13c       0x50 ../../lib/ksdk_platform_lib/kds/KW30Z4/debug/libksdk_platform.a(fsl_os_abstraction_bm.o)
 .bss.g_freeTaskControlBlock
                0x1ffff18c        0x4 ../../lib/ksdk_platform_lib/kds/KW30Z4/debug/libksdk_platform.a(fsl_os_abstraction_bm.o)
 .bss.g_taskListHead
                0x1ffff190       0x10 ../../lib/ksdk_platform_lib/kds/KW30Z4/debug/libksdk_platform.a(fsl_os_abstraction_bm.o)
 .bss.__malloc_sbrk_start
                0x1ffff1a0        0x4 c:/freescale/kds_3.0.0/toolchain/bin/../lib/gcc/arm-none-eabi/4.8.4/../../../../arm-none-eabi/lib/armv6-m\libg_s.a(lib_a-nano-mallocr.o)
                0x1ffff1a0                __malloc_sbrk_start
 .bss.__malloc_free_list
                0x1ffff1a4        0x4 c:/freescale/kds_3.0.0/toolchain/bin/../lib/gcc/arm-none-eabi/4.8.4/../../../../arm-none-eabi/lib/armv6-m\libg_s.a(lib_a-nano-mallocr.o)
                0x1ffff1a4                __malloc_free_list
 .bss.heap_end.4246
                0x1ffff1a8        0x4 c:/freescale/kds_3.0.0/toolchain/bin/../lib/gcc/arm-none-eabi/4.8.4/../../../../arm-none-eabi/lib/armv6-m\libnosys.a(sbrk.o)
 *(COMMON)
 COMMON         0x1ffff1ac        0x4 c:/freescale/kds_3.0.0/toolchain/bin/../lib/gcc/arm-none-eabi/4.8.4/../../../../arm-none-eabi/lib/armv6-m\libg_s.a(lib_a-reent.o)
                0x1ffff1ac                errno
                0x1ffff1b0                . = ALIGN (0x4)
                0x1ffff1b0                __bss_end__ = .
                0x1ffff1b0                __END_BSS = .

.heap           0x1ffff1b0      0x400 load address 0x00004fc8
                0x1ffff1b0                . = ALIGN (0x8)
                0x1ffff1b0                __end__ = .
                0x1ffff1b0                PROVIDE (end, .)
                0x1ffff1b0                __HeapBase = .
                0x1ffff5b0                . = (. + HEAP_SIZE)
 *fill*         0x1ffff1b0      0x400 
                0x1ffff5b0                __HeapLimit = .

.stack          0x1ffff5b0      0x400 load address 0x000053c8
                0x1ffff5b0                . = ALIGN (0x8)
                0x1ffff9b0                . = (. + STACK_SIZE)
 *fill*         0x1ffff5b0      0x400 
                0x20004000                __StackTop = (ORIGIN (m_data) + 0x5000)
                0x20003c00                __StackLimit = (__StackTop - STACK_SIZE)
                0x20004000                PROVIDE (__stack, __StackTop)

.ARM.attributes
                0x00000000       0x28
 *(.ARM.attributes)
 .ARM.attributes
                0x00000000       0x1e c:/freescale/kds_3.0.0/toolchain/bin/../lib/gcc/arm-none-eabi/4.8.4/armv6-m/crti.o
 .ARM.attributes
                0x0000001e       0x2c c:/freescale/kds_3.0.0/toolchain/bin/../lib/gcc/arm-none-eabi/4.8.4/armv6-m/crtbegin.o
 .ARM.attributes
                0x0000004a       0x1b c:/freescale/kds_3.0.0/toolchain/bin/../lib/gcc/arm-none-eabi/4.8.4/../../../../arm-none-eabi/lib/armv6-m/crt0.o
 .ARM.attributes
                0x00000065       0x32 ./utilities/fsl_debug_console.o
 .ARM.attributes
                0x00000097       0x32 ./startup/startup.o
 .ARM.attributes
                0x000000c9       0x1b ./startup/startup_MKW30Z4.o
 .ARM.attributes
                0x000000e4       0x32 ./startup/system_MKW30Z4.o
 .ARM.attributes
                0x00000116       0x32 ./sources/main.o
 .ARM.attributes
                0x00000148       0x32 ./board/board.o
 .ARM.attributes
                0x0000017a       0x32 ./board/gpio_pins.o
 .ARM.attributes
                0x000001ac       0x32 ./board/hardware_init.o
 .ARM.attributes
                0x000001de       0x32 ./board/pin_mux.o
 .ARM.attributes
                0x00000210       0x32 ../../lib/ksdk_platform_lib/kds/KW30Z4/debug/libksdk_platform.a(fsl_mcg_hal.o)
 .ARM.attributes
                0x00000242       0x32 ../../lib/ksdk_platform_lib/kds/KW30Z4/debug/libksdk_platform.a(fsl_lpuart_hal.o)
 .ARM.attributes
                0x00000274       0x32 ../../lib/ksdk_platform_lib/kds/KW30Z4/debug/libksdk_platform.a(fsl_gpio_driver.o)
 .ARM.attributes
                0x000002a6       0x32 ../../lib/ksdk_platform_lib/kds/KW30Z4/debug/libksdk_platform.a(fsl_clock_MKW30Z4.o)
 .ARM.attributes
                0x000002d8       0x32 ../../lib/ksdk_platform_lib/kds/KW30Z4/debug/libksdk_platform.a(fsl_clock_manager.o)
 .ARM.attributes
                0x0000030a       0x32 ../../lib/ksdk_platform_lib/kds/KW30Z4/debug/libksdk_platform.a(fsl_os_abstraction_bm.o)
 .ARM.attributes
                0x0000033c       0x32 ../../lib/ksdk_platform_lib/kds/KW30Z4/debug/libksdk_platform.a(fsl_sim_hal_MKW30Z4.o)
 .ARM.attributes
                0x0000036e       0x32 ../../lib/ksdk_platform_lib/kds/KW30Z4/debug/libksdk_platform.a(fsl_mcg_hal_modes.o)
 .ARM.attributes
                0x000003a0       0x32 ../../lib/ksdk_platform_lib/kds/KW30Z4/debug/libksdk_platform.a(fsl_lptmr_hal.o)
 .ARM.attributes
                0x000003d2       0x32 ../../lib/ksdk_platform_lib/kds/KW30Z4/debug/libksdk_platform.a(fsl_gpio_hal.o)
 .ARM.attributes
                0x00000404       0x32 ../../lib/ksdk_platform_lib/kds/KW30Z4/debug/libksdk_platform.a(fsl_gpio_common.o)
 .ARM.attributes
                0x00000436       0x2c c:/freescale/kds_3.0.0/toolchain/bin/../lib/gcc/arm-none-eabi/4.8.4/../../../../arm-none-eabi/lib/armv6-m\libg_s.a(lib_a-assert.o)
 .ARM.attributes
                0x00000462       0x2c c:/freescale/kds_3.0.0/toolchain/bin/../lib/gcc/arm-none-eabi/4.8.4/../../../../arm-none-eabi/lib/armv6-m\libg_s.a(lib_a-exit.o)
 .ARM.attributes
                0x0000048e       0x2c c:/freescale/kds_3.0.0/toolchain/bin/../lib/gcc/arm-none-eabi/4.8.4/../../../../arm-none-eabi/lib/armv6-m\libg_s.a(lib_a-fprintf.o)
 .ARM.attributes
                0x000004ba       0x2c c:/freescale/kds_3.0.0/toolchain/bin/../lib/gcc/arm-none-eabi/4.8.4/../../../../arm-none-eabi/lib/armv6-m\libg_s.a(lib_a-impure.o)
 .ARM.attributes
                0x000004e6       0x2c c:/freescale/kds_3.0.0/toolchain/bin/../lib/gcc/arm-none-eabi/4.8.4/../../../../arm-none-eabi/lib/armv6-m\libg_s.a(lib_a-init.o)
 .ARM.attributes
                0x00000512       0x2c c:/freescale/kds_3.0.0/toolchain/bin/../lib/gcc/arm-none-eabi/4.8.4/../../../../arm-none-eabi/lib/armv6-m\libg_s.a(lib_a-malloc.o)
 .ARM.attributes
                0x0000053e       0x2c c:/freescale/kds_3.0.0/toolchain/bin/../lib/gcc/arm-none-eabi/4.8.4/../../../../arm-none-eabi/lib/armv6-m\libg_s.a(lib_a-memset.o)
 .ARM.attributes
                0x0000056a       0x2c c:/freescale/kds_3.0.0/toolchain/bin/../lib/gcc/arm-none-eabi/4.8.4/../../../../arm-none-eabi/lib/armv6-m\libg_s.a(lib_a-nano-freer.o)
 .ARM.attributes
                0x00000596       0x2c c:/freescale/kds_3.0.0/toolchain/bin/../lib/gcc/arm-none-eabi/4.8.4/../../../../arm-none-eabi/lib/armv6-m\libg_s.a(lib_a-nano-mallocr.o)
 .ARM.attributes
                0x000005c2       0x2c c:/freescale/kds_3.0.0/toolchain/bin/../lib/gcc/arm-none-eabi/4.8.4/../../../../arm-none-eabi/lib/armv6-m\libg_s.a(lib_a-rand.o)
 .ARM.attributes
                0x000005ee       0x2c c:/freescale/kds_3.0.0/toolchain/bin/../lib/gcc/arm-none-eabi/4.8.4/../../../../arm-none-eabi/lib/armv6-m\libg_s.a(lib_a-sbrkr.o)
 .ARM.attributes
                0x0000061a       0x2c c:/freescale/kds_3.0.0/toolchain/bin/../lib/gcc/arm-none-eabi/4.8.4/../../../../arm-none-eabi/lib/armv6-m\libg_s.a(lib_a-strlen.o)
 .ARM.attributes
                0x00000646       0x2c c:/freescale/kds_3.0.0/toolchain/bin/../lib/gcc/arm-none-eabi/4.8.4/../../../../arm-none-eabi/lib/armv6-m\libg_s.a(lib_a-vfprintf.o)
 .ARM.attributes
                0x00000672       0x2c c:/freescale/kds_3.0.0/toolchain/bin/../lib/gcc/arm-none-eabi/4.8.4/../../../../arm-none-eabi/lib/armv6-m\libg_s.a(lib_a-vfprintf_i.o)
 .ARM.attributes
                0x0000069e       0x2c c:/freescale/kds_3.0.0/toolchain/bin/../lib/gcc/arm-none-eabi/4.8.4/../../../../arm-none-eabi/lib/armv6-m\libg_s.a(lib_a-wbuf.o)
 .ARM.attributes
                0x000006ca       0x2c c:/freescale/kds_3.0.0/toolchain/bin/../lib/gcc/arm-none-eabi/4.8.4/../../../../arm-none-eabi/lib/armv6-m\libg_s.a(lib_a-wsetup.o)
 .ARM.attributes
                0x000006f6       0x2c c:/freescale/kds_3.0.0/toolchain/bin/../lib/gcc/arm-none-eabi/4.8.4/../../../../arm-none-eabi/lib/armv6-m\libg_s.a(lib_a-abort.o)
 .ARM.attributes
                0x00000722       0x2c c:/freescale/kds_3.0.0/toolchain/bin/../lib/gcc/arm-none-eabi/4.8.4/../../../../arm-none-eabi/lib/armv6-m\libg_s.a(lib_a-fflush.o)
 .ARM.attributes
                0x0000074e       0x2c c:/freescale/kds_3.0.0/toolchain/bin/../lib/gcc/arm-none-eabi/4.8.4/../../../../arm-none-eabi/lib/armv6-m\libg_s.a(lib_a-findfp.o)
 .ARM.attributes
                0x0000077a       0x2c c:/freescale/kds_3.0.0/toolchain/bin/../lib/gcc/arm-none-eabi/4.8.4/../../../../arm-none-eabi/lib/armv6-m\libg_s.a(lib_a-makebuf.o)
 .ARM.attributes
                0x000007a6       0x2c c:/freescale/kds_3.0.0/toolchain/bin/../lib/gcc/arm-none-eabi/4.8.4/../../../../arm-none-eabi/lib/armv6-m\libg_s.a(lib_a-memchr-stub.o)
 .ARM.attributes
                0x000007d2       0x2c c:/freescale/kds_3.0.0/toolchain/bin/../lib/gcc/arm-none-eabi/4.8.4/../../../../arm-none-eabi/lib/armv6-m\libg_s.a(lib_a-reent.o)
 .ARM.attributes
                0x000007fe       0x2c c:/freescale/kds_3.0.0/toolchain/bin/../lib/gcc/arm-none-eabi/4.8.4/../../../../arm-none-eabi/lib/armv6-m\libg_s.a(lib_a-signal.o)
 .ARM.attributes
                0x0000082a       0x2c c:/freescale/kds_3.0.0/toolchain/bin/../lib/gcc/arm-none-eabi/4.8.4/../../../../arm-none-eabi/lib/armv6-m\libg_s.a(lib_a-signalr.o)
 .ARM.attributes
                0x00000856       0x2c c:/freescale/kds_3.0.0/toolchain/bin/../lib/gcc/arm-none-eabi/4.8.4/../../../../arm-none-eabi/lib/armv6-m\libg_s.a(lib_a-stdio.o)
 .ARM.attributes
                0x00000882       0x2c c:/freescale/kds_3.0.0/toolchain/bin/../lib/gcc/arm-none-eabi/4.8.4/../../../../arm-none-eabi/lib/armv6-m\libg_s.a(lib_a-writer.o)
 .ARM.attributes
                0x000008ae       0x2c c:/freescale/kds_3.0.0/toolchain/bin/../lib/gcc/arm-none-eabi/4.8.4/../../../../arm-none-eabi/lib/armv6-m\libg_s.a(lib_a-closer.o)
 .ARM.attributes
                0x000008da       0x2c c:/freescale/kds_3.0.0/toolchain/bin/../lib/gcc/arm-none-eabi/4.8.4/../../../../arm-none-eabi/lib/armv6-m\libg_s.a(lib_a-fstatr.o)
 .ARM.attributes
                0x00000906       0x2c c:/freescale/kds_3.0.0/toolchain/bin/../lib/gcc/arm-none-eabi/4.8.4/../../../../arm-none-eabi/lib/armv6-m\libg_s.a(lib_a-isattyr.o)
 .ARM.attributes
                0x00000932       0x2c c:/freescale/kds_3.0.0/toolchain/bin/../lib/gcc/arm-none-eabi/4.8.4/../../../../arm-none-eabi/lib/armv6-m\libg_s.a(lib_a-lseekr.o)
 .ARM.attributes
                0x0000095e       0x2c c:/freescale/kds_3.0.0/toolchain/bin/../lib/gcc/arm-none-eabi/4.8.4/../../../../arm-none-eabi/lib/armv6-m\libg_s.a(lib_a-readr.o)
 .ARM.attributes
                0x0000098a       0x1e c:/freescale/kds_3.0.0/toolchain/bin/../lib/gcc/arm-none-eabi/4.8.4/armv6-m\libgcc.a(_thumb1_case_uqi.o)
 .ARM.attributes
                0x000009a8       0x1e c:/freescale/kds_3.0.0/toolchain/bin/../lib/gcc/arm-none-eabi/4.8.4/armv6-m\libgcc.a(_udivsi3.o)
 .ARM.attributes
                0x000009c6       0x1e c:/freescale/kds_3.0.0/toolchain/bin/../lib/gcc/arm-none-eabi/4.8.4/armv6-m\libgcc.a(_divsi3.o)
 .ARM.attributes
                0x000009e4       0x1e c:/freescale/kds_3.0.0/toolchain/bin/../lib/gcc/arm-none-eabi/4.8.4/armv6-m\libgcc.a(_dvmd_tls.o)
 .ARM.attributes
                0x00000a02       0x2c c:/freescale/kds_3.0.0/toolchain/bin/../lib/gcc/arm-none-eabi/4.8.4/armv6-m\libgcc.a(_muldi3.o)
 .ARM.attributes
                0x00000a2e       0x2c c:/freescale/kds_3.0.0/toolchain/bin/../lib/gcc/arm-none-eabi/4.8.4/armv6-m\libgcc.a(addsf3.o)
 .ARM.attributes
                0x00000a5a       0x2c c:/freescale/kds_3.0.0/toolchain/bin/../lib/gcc/arm-none-eabi/4.8.4/armv6-m\libgcc.a(divsf3.o)
 .ARM.attributes
                0x00000a86       0x2c c:/freescale/kds_3.0.0/toolchain/bin/../lib/gcc/arm-none-eabi/4.8.4/armv6-m\libgcc.a(floatsisf.o)
 .ARM.attributes
                0x00000ab2       0x2c c:/freescale/kds_3.0.0/toolchain/bin/../lib/gcc/arm-none-eabi/4.8.4/armv6-m\libgcc.a(muldf3.o)
 .ARM.attributes
                0x00000ade       0x2c c:/freescale/kds_3.0.0/toolchain/bin/../lib/gcc/arm-none-eabi/4.8.4/armv6-m\libgcc.a(truncdfsf2.o)
 .ARM.attributes
                0x00000b0a       0x1e c:/freescale/kds_3.0.0/toolchain/bin/../lib/gcc/arm-none-eabi/4.8.4/armv6-m\libgcc.a(_clzsi2.o)
 .ARM.attributes
                0x00000b28       0x2c c:/freescale/kds_3.0.0/toolchain/bin/../lib/gcc/arm-none-eabi/4.8.4/../../../../arm-none-eabi/lib/armv6-m\libnosys.a(close.o)
 .ARM.attributes
                0x00000b54       0x2c c:/freescale/kds_3.0.0/toolchain/bin/../lib/gcc/arm-none-eabi/4.8.4/../../../../arm-none-eabi/lib/armv6-m\libnosys.a(fstat.o)
 .ARM.attributes
                0x00000b80       0x2c c:/freescale/kds_3.0.0/toolchain/bin/../lib/gcc/arm-none-eabi/4.8.4/../../../../arm-none-eabi/lib/armv6-m\libnosys.a(getpid.o)
 .ARM.attributes
                0x00000bac       0x2c c:/freescale/kds_3.0.0/toolchain/bin/../lib/gcc/arm-none-eabi/4.8.4/../../../../arm-none-eabi/lib/armv6-m\libnosys.a(isatty.o)
 .ARM.attributes
                0x00000bd8       0x2c c:/freescale/kds_3.0.0/toolchain/bin/../lib/gcc/arm-none-eabi/4.8.4/../../../../arm-none-eabi/lib/armv6-m\libnosys.a(kill.o)
 .ARM.attributes
                0x00000c04       0x2c c:/freescale/kds_3.0.0/toolchain/bin/../lib/gcc/arm-none-eabi/4.8.4/../../../../arm-none-eabi/lib/armv6-m\libnosys.a(lseek.o)
 .ARM.attributes
                0x00000c30       0x2c c:/freescale/kds_3.0.0/toolchain/bin/../lib/gcc/arm-none-eabi/4.8.4/../../../../arm-none-eabi/lib/armv6-m\libnosys.a(sbrk.o)
 .ARM.attributes
                0x00000c5c       0x2c c:/freescale/kds_3.0.0/toolchain/bin/../lib/gcc/arm-none-eabi/4.8.4/../../../../arm-none-eabi/lib/armv6-m\libnosys.a(_exit.o)
 .ARM.attributes
                0x00000c88       0x2c c:/freescale/kds_3.0.0/toolchain/bin/../lib/gcc/arm-none-eabi/4.8.4/armv6-m/crtend.o
 .ARM.attributes
                0x00000cb4       0x1e c:/freescale/kds_3.0.0/toolchain/bin/../lib/gcc/arm-none-eabi/4.8.4/armv6-m/crtn.o
                0x00000001                ASSERT ((__StackLimit >= __HeapLimit), region m_data overflowed with stack and heap)
OUTPUT(vamp_final_MKW30Z160VHM4.elf elf32-littlearm)

.debug_info     0x00000000     0xbccf
 .debug_info    0x00000000      0x994 ./utilities/fsl_debug_console.o
 .debug_info    0x00000994      0x277 ./startup/startup.o
 .debug_info    0x00000c0b       0xbb ./startup/startup_MKW30Z4.o
 .debug_info    0x00000cc6      0x3a8 ./startup/system_MKW30Z4.o
 .debug_info    0x0000106e      0xffa ./sources/main.o
 .debug_info    0x00002068      0xd15 ./board/board.o
 .debug_info    0x00002d7d      0x338 ./board/gpio_pins.o
 .debug_info    0x000030b5      0x15f ./board/hardware_init.o
 .debug_info    0x00003214      0xf9b ./board/pin_mux.o
 .debug_info    0x000041af      0xa1e ../../lib/ksdk_platform_lib/kds/KW30Z4/debug/libksdk_platform.a(fsl_mcg_hal.o)
 .debug_info    0x00004bcd      0x9f3 ../../lib/ksdk_platform_lib/kds/KW30Z4/debug/libksdk_platform.a(fsl_lpuart_hal.o)
 .debug_info    0x000055c0      0xed9 ../../lib/ksdk_platform_lib/kds/KW30Z4/debug/libksdk_platform.a(fsl_gpio_driver.o)
 .debug_info    0x00006499     0x14ed ../../lib/ksdk_platform_lib/kds/KW30Z4/debug/libksdk_platform.a(fsl_clock_MKW30Z4.o)
 .debug_info    0x00007986     0x122c ../../lib/ksdk_platform_lib/kds/KW30Z4/debug/libksdk_platform.a(fsl_clock_manager.o)
 .debug_info    0x00008bb2     0x14ad ../../lib/ksdk_platform_lib/kds/KW30Z4/debug/libksdk_platform.a(fsl_os_abstraction_bm.o)
 .debug_info    0x0000a05f      0xb06 ../../lib/ksdk_platform_lib/kds/KW30Z4/debug/libksdk_platform.a(fsl_sim_hal_MKW30Z4.o)
 .debug_info    0x0000ab65      0x6ec ../../lib/ksdk_platform_lib/kds/KW30Z4/debug/libksdk_platform.a(fsl_mcg_hal_modes.o)
 .debug_info    0x0000b251      0x42b ../../lib/ksdk_platform_lib/kds/KW30Z4/debug/libksdk_platform.a(fsl_lptmr_hal.o)
 .debug_info    0x0000b67c      0x2d6 ../../lib/ksdk_platform_lib/kds/KW30Z4/debug/libksdk_platform.a(fsl_gpio_hal.o)
 .debug_info    0x0000b952      0x37d ../../lib/ksdk_platform_lib/kds/KW30Z4/debug/libksdk_platform.a(fsl_gpio_common.o)

.debug_abbrev   0x00000000     0x23fb
 .debug_abbrev  0x00000000      0x307 ./utilities/fsl_debug_console.o
 .debug_abbrev  0x00000307       0xf3 ./startup/startup.o
 .debug_abbrev  0x000003fa       0x14 ./startup/startup_MKW30Z4.o
 .debug_abbrev  0x0000040e      0x106 ./startup/system_MKW30Z4.o
 .debug_abbrev  0x00000514      0x388 ./sources/main.o
 .debug_abbrev  0x0000089c      0x2c7 ./board/board.o
 .debug_abbrev  0x00000b63       0xf6 ./board/gpio_pins.o
 .debug_abbrev  0x00000c59       0xf7 ./board/hardware_init.o
 .debug_abbrev  0x00000d50      0x1cf ./board/pin_mux.o
 .debug_abbrev  0x00000f1f      0x234 ../../lib/ksdk_platform_lib/kds/KW30Z4/debug/libksdk_platform.a(fsl_mcg_hal.o)
 .debug_abbrev  0x00001153      0x217 ../../lib/ksdk_platform_lib/kds/KW30Z4/debug/libksdk_platform.a(fsl_lpuart_hal.o)
 .debug_abbrev  0x0000136a      0x277 ../../lib/ksdk_platform_lib/kds/KW30Z4/debug/libksdk_platform.a(fsl_gpio_driver.o)
 .debug_abbrev  0x000015e1      0x2a9 ../../lib/ksdk_platform_lib/kds/KW30Z4/debug/libksdk_platform.a(fsl_clock_MKW30Z4.o)
 .debug_abbrev  0x0000188a      0x28c ../../lib/ksdk_platform_lib/kds/KW30Z4/debug/libksdk_platform.a(fsl_clock_manager.o)
 .debug_abbrev  0x00001b16      0x2c3 ../../lib/ksdk_platform_lib/kds/KW30Z4/debug/libksdk_platform.a(fsl_os_abstraction_bm.o)
 .debug_abbrev  0x00001dd9      0x188 ../../lib/ksdk_platform_lib/kds/KW30Z4/debug/libksdk_platform.a(fsl_sim_hal_MKW30Z4.o)
 .debug_abbrev  0x00001f61      0x18c ../../lib/ksdk_platform_lib/kds/KW30Z4/debug/libksdk_platform.a(fsl_mcg_hal_modes.o)
 .debug_abbrev  0x000020ed      0x139 ../../lib/ksdk_platform_lib/kds/KW30Z4/debug/libksdk_platform.a(fsl_lptmr_hal.o)
 .debug_abbrev  0x00002226      0x118 ../../lib/ksdk_platform_lib/kds/KW30Z4/debug/libksdk_platform.a(fsl_gpio_hal.o)
 .debug_abbrev  0x0000233e       0xbd ../../lib/ksdk_platform_lib/kds/KW30Z4/debug/libksdk_platform.a(fsl_gpio_common.o)

.debug_loc      0x00000000      0xf66
 .debug_loc     0x00000000      0x343 ./utilities/fsl_debug_console.o
 .debug_loc     0x00000343       0xd5 ./startup/startup.o
 .debug_loc     0x00000418       0x89 ./startup/system_MKW30Z4.o
 .debug_loc     0x000004a1      0x1a9 ./sources/main.o
 .debug_loc     0x0000064a      0x91c ./board/pin_mux.o

.debug_aranges  0x00000000      0xaa0
 .debug_aranges
                0x00000000       0x60 ./utilities/fsl_debug_console.o
 .debug_aranges
                0x00000060       0x20 ./startup/startup.o
 .debug_aranges
                0x00000080       0x20 ./startup/startup_MKW30Z4.o
 .debug_aranges
                0x000000a0       0x28 ./startup/system_MKW30Z4.o
 .debug_aranges
                0x000000c8       0x48 ./sources/main.o
 .debug_aranges
                0x00000110       0x40 ./board/board.o
 .debug_aranges
                0x00000150       0x20 ./board/gpio_pins.o
 .debug_aranges
                0x00000170       0x20 ./board/hardware_init.o
 .debug_aranges
                0x00000190       0x70 ./board/pin_mux.o
 .debug_aranges
                0x00000200       0xc0 ../../lib/ksdk_platform_lib/kds/KW30Z4/debug/libksdk_platform.a(fsl_mcg_hal.o)
 .debug_aranges
                0x000002c0       0xd8 ../../lib/ksdk_platform_lib/kds/KW30Z4/debug/libksdk_platform.a(fsl_lpuart_hal.o)
 .debug_aranges
                0x00000398       0xf8 ../../lib/ksdk_platform_lib/kds/KW30Z4/debug/libksdk_platform.a(fsl_gpio_driver.o)
 .debug_aranges
                0x00000490      0x1c8 ../../lib/ksdk_platform_lib/kds/KW30Z4/debug/libksdk_platform.a(fsl_clock_MKW30Z4.o)
 .debug_aranges
                0x00000658      0x110 ../../lib/ksdk_platform_lib/kds/KW30Z4/debug/libksdk_platform.a(fsl_clock_manager.o)
 .debug_aranges
                0x00000768      0x170 ../../lib/ksdk_platform_lib/kds/KW30Z4/debug/libksdk_platform.a(fsl_os_abstraction_bm.o)
 .debug_aranges
                0x000008d8       0xb0 ../../lib/ksdk_platform_lib/kds/KW30Z4/debug/libksdk_platform.a(fsl_sim_hal_MKW30Z4.o)
 .debug_aranges
                0x00000988       0x70 ../../lib/ksdk_platform_lib/kds/KW30Z4/debug/libksdk_platform.a(fsl_mcg_hal_modes.o)
 .debug_aranges
                0x000009f8       0x58 ../../lib/ksdk_platform_lib/kds/KW30Z4/debug/libksdk_platform.a(fsl_lptmr_hal.o)
 .debug_aranges
                0x00000a50       0x38 ../../lib/ksdk_platform_lib/kds/KW30Z4/debug/libksdk_platform.a(fsl_gpio_hal.o)
 .debug_aranges
                0x00000a88       0x18 ../../lib/ksdk_platform_lib/kds/KW30Z4/debug/libksdk_platform.a(fsl_gpio_common.o)

.debug_ranges   0x00000000      0xbb8
 .debug_ranges  0x00000000       0x98 ./utilities/fsl_debug_console.o
 .debug_ranges  0x00000098       0x10 ./startup/startup.o
 .debug_ranges  0x000000a8       0x18 ./startup/system_MKW30Z4.o
 .debug_ranges  0x000000c0       0x70 ./sources/main.o
 .debug_ranges  0x00000130       0x78 ./board/board.o
 .debug_ranges  0x000001a8       0x10 ./board/gpio_pins.o
 .debug_ranges  0x000001b8       0x10 ./board/hardware_init.o
 .debug_ranges  0x000001c8      0x208 ./board/pin_mux.o
 .debug_ranges  0x000003d0       0xb0 ../../lib/ksdk_platform_lib/kds/KW30Z4/debug/libksdk_platform.a(fsl_mcg_hal.o)
 .debug_ranges  0x00000480       0xc8 ../../lib/ksdk_platform_lib/kds/KW30Z4/debug/libksdk_platform.a(fsl_lpuart_hal.o)
 .debug_ranges  0x00000548       0xe8 ../../lib/ksdk_platform_lib/kds/KW30Z4/debug/libksdk_platform.a(fsl_gpio_driver.o)
 .debug_ranges  0x00000630      0x1b8 ../../lib/ksdk_platform_lib/kds/KW30Z4/debug/libksdk_platform.a(fsl_clock_MKW30Z4.o)
 .debug_ranges  0x000007e8      0x100 ../../lib/ksdk_platform_lib/kds/KW30Z4/debug/libksdk_platform.a(fsl_clock_manager.o)
 .debug_ranges  0x000008e8      0x160 ../../lib/ksdk_platform_lib/kds/KW30Z4/debug/libksdk_platform.a(fsl_os_abstraction_bm.o)
 .debug_ranges  0x00000a48       0xa0 ../../lib/ksdk_platform_lib/kds/KW30Z4/debug/libksdk_platform.a(fsl_sim_hal_MKW30Z4.o)
 .debug_ranges  0x00000ae8       0x60 ../../lib/ksdk_platform_lib/kds/KW30Z4/debug/libksdk_platform.a(fsl_mcg_hal_modes.o)
 .debug_ranges  0x00000b48       0x48 ../../lib/ksdk_platform_lib/kds/KW30Z4/debug/libksdk_platform.a(fsl_lptmr_hal.o)
 .debug_ranges  0x00000b90       0x28 ../../lib/ksdk_platform_lib/kds/KW30Z4/debug/libksdk_platform.a(fsl_gpio_hal.o)

.debug_line     0x00000000     0x4095
 .debug_line    0x00000000      0x303 ./utilities/fsl_debug_console.o
 .debug_line    0x00000303      0x130 ./startup/startup.o
 .debug_line    0x00000433       0x99 ./startup/startup_MKW30Z4.o
 .debug_line    0x000004cc      0x164 ./startup/system_MKW30Z4.o
 .debug_line    0x00000630      0x40b ./sources/main.o
 .debug_line    0x00000a3b      0x36a ./board/board.o
 .debug_line    0x00000da5      0x138 ./board/gpio_pins.o
 .debug_line    0x00000edd      0x12e ./board/hardware_init.o
 .debug_line    0x0000100b      0x2f5 ./board/pin_mux.o
 .debug_line    0x00001300      0x3a4 ../../lib/ksdk_platform_lib/kds/KW30Z4/debug/libksdk_platform.a(fsl_mcg_hal.o)
 .debug_line    0x000016a4      0x45e ../../lib/ksdk_platform_lib/kds/KW30Z4/debug/libksdk_platform.a(fsl_lpuart_hal.o)
 .debug_line    0x00001b02      0x533 ../../lib/ksdk_platform_lib/kds/KW30Z4/debug/libksdk_platform.a(fsl_gpio_driver.o)
 .debug_line    0x00002035      0x7bd ../../lib/ksdk_platform_lib/kds/KW30Z4/debug/libksdk_platform.a(fsl_clock_MKW30Z4.o)
 .debug_line    0x000027f2      0x625 ../../lib/ksdk_platform_lib/kds/KW30Z4/debug/libksdk_platform.a(fsl_clock_manager.o)
 .debug_line    0x00002e17      0x71e ../../lib/ksdk_platform_lib/kds/KW30Z4/debug/libksdk_platform.a(fsl_os_abstraction_bm.o)
 .debug_line    0x00003535      0x3cd ../../lib/ksdk_platform_lib/kds/KW30Z4/debug/libksdk_platform.a(fsl_sim_hal_MKW30Z4.o)
 .debug_line    0x00003902      0x317 ../../lib/ksdk_platform_lib/kds/KW30Z4/debug/libksdk_platform.a(fsl_mcg_hal_modes.o)
 .debug_line    0x00003c19      0x1e4 ../../lib/ksdk_platform_lib/kds/KW30Z4/debug/libksdk_platform.a(fsl_lptmr_hal.o)
 .debug_line    0x00003dfd      0x191 ../../lib/ksdk_platform_lib/kds/KW30Z4/debug/libksdk_platform.a(fsl_gpio_hal.o)
 .debug_line    0x00003f8e      0x107 ../../lib/ksdk_platform_lib/kds/KW30Z4/debug/libksdk_platform.a(fsl_gpio_common.o)

.debug_str      0x00000000     0x588d
 .debug_str     0x00000000      0x939 ./utilities/fsl_debug_console.o
                                0x99b (size before relaxing)
 .debug_str     0x00000939      0x13b ./startup/startup.o
                                0x2fc (size before relaxing)
 .debug_str     0x00000a74      0x18b ./startup/system_MKW30Z4.o
                                0x34c (size before relaxing)
 .debug_str     0x00000bff      0x81d ./sources/main.o
                                0xf4b (size before relaxing)
 .debug_str     0x0000141c      0x93a ./board/board.o
                                0xe63 (size before relaxing)
 .debug_str     0x00001d56       0x5f ./board/gpio_pins.o
                                0x549 (size before relaxing)
 .debug_str     0x00001db5       0x53 ./board/hardware_init.o
                                0x25d (size before relaxing)
 .debug_str     0x00001e08       0xec ./board/pin_mux.o
                                0x41c (size before relaxing)
 .debug_str     0x00001ef4      0x7c2 ../../lib/ksdk_platform_lib/kds/KW30Z4/debug/libksdk_platform.a(fsl_mcg_hal.o)
                                0xa79 (size before relaxing)
 .debug_str     0x000026b6      0x70f ../../lib/ksdk_platform_lib/kds/KW30Z4/debug/libksdk_platform.a(fsl_lpuart_hal.o)
                                0xc92 (size before relaxing)
 .debug_str     0x00002dc5      0x51b ../../lib/ksdk_platform_lib/kds/KW30Z4/debug/libksdk_platform.a(fsl_gpio_driver.o)
                                0xb75 (size before relaxing)
 .debug_str     0x000032e0      0xab9 ../../lib/ksdk_platform_lib/kds/KW30Z4/debug/libksdk_platform.a(fsl_clock_MKW30Z4.o)
                               0x13a3 (size before relaxing)
 .debug_str     0x00003d99      0x72a ../../lib/ksdk_platform_lib/kds/KW30Z4/debug/libksdk_platform.a(fsl_clock_manager.o)
                               0x1444 (size before relaxing)
 .debug_str     0x000044c3      0xb1e ../../lib/ksdk_platform_lib/kds/KW30Z4/debug/libksdk_platform.a(fsl_os_abstraction_bm.o)
                               0x13e2 (size before relaxing)
 .debug_str     0x00004fe1      0x577 ../../lib/ksdk_platform_lib/kds/KW30Z4/debug/libksdk_platform.a(fsl_sim_hal_MKW30Z4.o)
                                0x8a8 (size before relaxing)
 .debug_str     0x00005558      0x140 ../../lib/ksdk_platform_lib/kds/KW30Z4/debug/libksdk_platform.a(fsl_mcg_hal_modes.o)
                                0x80b (size before relaxing)
 .debug_str     0x00005698      0x10e ../../lib/ksdk_platform_lib/kds/KW30Z4/debug/libksdk_platform.a(fsl_lptmr_hal.o)
                                0x897 (size before relaxing)
 .debug_str     0x000057a6       0x86 ../../lib/ksdk_platform_lib/kds/KW30Z4/debug/libksdk_platform.a(fsl_gpio_hal.o)
                                0x326 (size before relaxing)
 .debug_str     0x0000582c       0x61 ../../lib/ksdk_platform_lib/kds/KW30Z4/debug/libksdk_platform.a(fsl_gpio_common.o)
                                0x485 (size before relaxing)

.comment        0x00000000       0x70
 .comment       0x00000000       0x70 ./utilities/fsl_debug_console.o
                                 0x71 (size before relaxing)
 .comment       0x00000000       0x71 ./startup/startup.o
 .comment       0x00000000       0x71 ./startup/system_MKW30Z4.o
 .comment       0x00000000       0x71 ./sources/main.o
 .comment       0x00000000       0x71 ./board/board.o
 .comment       0x00000000       0x71 ./board/gpio_pins.o
 .comment       0x00000000       0x71 ./board/hardware_init.o
 .comment       0x00000000       0x71 ./board/pin_mux.o
 .comment       0x00000000       0x71 ../../lib/ksdk_platform_lib/kds/KW30Z4/debug/libksdk_platform.a(fsl_mcg_hal.o)
 .comment       0x00000000       0x71 ../../lib/ksdk_platform_lib/kds/KW30Z4/debug/libksdk_platform.a(fsl_lpuart_hal.o)
 .comment       0x00000000       0x71 ../../lib/ksdk_platform_lib/kds/KW30Z4/debug/libksdk_platform.a(fsl_gpio_driver.o)
 .comment       0x00000000       0x71 ../../lib/ksdk_platform_lib/kds/KW30Z4/debug/libksdk_platform.a(fsl_clock_MKW30Z4.o)
 .comment       0x00000000       0x71 ../../lib/ksdk_platform_lib/kds/KW30Z4/debug/libksdk_platform.a(fsl_clock_manager.o)
 .comment       0x00000000       0x71 ../../lib/ksdk_platform_lib/kds/KW30Z4/debug/libksdk_platform.a(fsl_os_abstraction_bm.o)
 .comment       0x00000000       0x71 ../../lib/ksdk_platform_lib/kds/KW30Z4/debug/libksdk_platform.a(fsl_sim_hal_MKW30Z4.o)
 .comment       0x00000000       0x71 ../../lib/ksdk_platform_lib/kds/KW30Z4/debug/libksdk_platform.a(fsl_mcg_hal_modes.o)
 .comment       0x00000000       0x71 ../../lib/ksdk_platform_lib/kds/KW30Z4/debug/libksdk_platform.a(fsl_lptmr_hal.o)
 .comment       0x00000000       0x71 ../../lib/ksdk_platform_lib/kds/KW30Z4/debug/libksdk_platform.a(fsl_gpio_hal.o)
 .comment       0x00000000       0x71 ../../lib/ksdk_platform_lib/kds/KW30Z4/debug/libksdk_platform.a(fsl_gpio_common.o)

.debug_frame    0x00000000     0x2de8
 .debug_frame   0x00000000      0x114 ./utilities/fsl_debug_console.o
 .debug_frame   0x00000114       0x2c ./startup/startup.o
 .debug_frame   0x00000140       0x38 ./startup/system_MKW30Z4.o
 .debug_frame   0x00000178       0xa0 ./sources/main.o
 .debug_frame   0x00000218       0x84 ./board/board.o
 .debug_frame   0x0000029c       0x28 ./board/gpio_pins.o
 .debug_frame   0x000002c4       0x28 ./board/hardware_init.o
 .debug_frame   0x000002ec       0xf0 ./board/pin_mux.o
 .debug_frame   0x000003dc      0x2b0 ../../lib/ksdk_platform_lib/kds/KW30Z4/debug/libksdk_platform.a(fsl_mcg_hal.o)
 .debug_frame   0x0000068c      0x310 ../../lib/ksdk_platform_lib/kds/KW30Z4/debug/libksdk_platform.a(fsl_lpuart_hal.o)
 .debug_frame   0x0000099c      0x390 ../../lib/ksdk_platform_lib/kds/KW30Z4/debug/libksdk_platform.a(fsl_gpio_driver.o)
 .debug_frame   0x00000d2c      0x6c0 ../../lib/ksdk_platform_lib/kds/KW30Z4/debug/libksdk_platform.a(fsl_clock_MKW30Z4.o)
 .debug_frame   0x000013ec      0x3e8 ../../lib/ksdk_platform_lib/kds/KW30Z4/debug/libksdk_platform.a(fsl_clock_manager.o)
 .debug_frame   0x000017d4      0x55c ../../lib/ksdk_platform_lib/kds/KW30Z4/debug/libksdk_platform.a(fsl_os_abstraction_bm.o)
 .debug_frame   0x00001d30      0x270 ../../lib/ksdk_platform_lib/kds/KW30Z4/debug/libksdk_platform.a(fsl_sim_hal_MKW30Z4.o)
 .debug_frame   0x00001fa0      0x170 ../../lib/ksdk_platform_lib/kds/KW30Z4/debug/libksdk_platform.a(fsl_mcg_hal_modes.o)
 .debug_frame   0x00002110      0x110 ../../lib/ksdk_platform_lib/kds/KW30Z4/debug/libksdk_platform.a(fsl_lptmr_hal.o)
 .debug_frame   0x00002220       0x90 ../../lib/ksdk_platform_lib/kds/KW30Z4/debug/libksdk_platform.a(fsl_gpio_hal.o)
 .debug_frame   0x000022b0       0x4c c:/freescale/kds_3.0.0/toolchain/bin/../lib/gcc/arm-none-eabi/4.8.4/../../../../arm-none-eabi/lib/armv6-m\libg_s.a(lib_a-assert.o)
 .debug_frame   0x000022fc       0x28 c:/freescale/kds_3.0.0/toolchain/bin/../lib/gcc/arm-none-eabi/4.8.4/../../../../arm-none-eabi/lib/armv6-m\libg_s.a(lib_a-exit.o)
 .debug_frame   0x00002324       0x4c c:/freescale/kds_3.0.0/toolchain/bin/../lib/gcc/arm-none-eabi/4.8.4/../../../../arm-none-eabi/lib/armv6-m\libg_s.a(lib_a-fprintf.o)
 .debug_frame   0x00002370       0x2c c:/freescale/kds_3.0.0/toolchain/bin/../lib/gcc/arm-none-eabi/4.8.4/../../../../arm-none-eabi/lib/armv6-m\libg_s.a(lib_a-init.o)
 .debug_frame   0x0000239c       0x40 c:/freescale/kds_3.0.0/toolchain/bin/../lib/gcc/arm-none-eabi/4.8.4/../../../../arm-none-eabi/lib/armv6-m\libg_s.a(lib_a-malloc.o)
 .debug_frame   0x000023dc       0x20 c:/freescale/kds_3.0.0/toolchain/bin/../lib/gcc/arm-none-eabi/4.8.4/../../../../arm-none-eabi/lib/armv6-m\libg_s.a(lib_a-memset.o)
 .debug_frame   0x000023fc       0x2c c:/freescale/kds_3.0.0/toolchain/bin/../lib/gcc/arm-none-eabi/4.8.4/../../../../arm-none-eabi/lib/armv6-m\libg_s.a(lib_a-nano-freer.o)
 .debug_frame   0x00002428       0x2c c:/freescale/kds_3.0.0/toolchain/bin/../lib/gcc/arm-none-eabi/4.8.4/../../../../arm-none-eabi/lib/armv6-m\libg_s.a(lib_a-nano-mallocr.o)
 .debug_frame   0x00002454       0x44 c:/freescale/kds_3.0.0/toolchain/bin/../lib/gcc/arm-none-eabi/4.8.4/../../../../arm-none-eabi/lib/armv6-m\libg_s.a(lib_a-rand.o)
 .debug_frame   0x00002498       0x2c c:/freescale/kds_3.0.0/toolchain/bin/../lib/gcc/arm-none-eabi/4.8.4/../../../../arm-none-eabi/lib/armv6-m\libg_s.a(lib_a-sbrkr.o)
 .debug_frame   0x000024c4       0x20 c:/freescale/kds_3.0.0/toolchain/bin/../lib/gcc/arm-none-eabi/4.8.4/../../../../arm-none-eabi/lib/armv6-m\libg_s.a(lib_a-strlen.o)
 .debug_frame   0x000024e4       0xa0 c:/freescale/kds_3.0.0/toolchain/bin/../lib/gcc/arm-none-eabi/4.8.4/../../../../arm-none-eabi/lib/armv6-m\libg_s.a(lib_a-vfprintf.o)
 .debug_frame   0x00002584       0x54 c:/freescale/kds_3.0.0/toolchain/bin/../lib/gcc/arm-none-eabi/4.8.4/../../../../arm-none-eabi/lib/armv6-m\libg_s.a(lib_a-vfprintf_i.o)
 .debug_frame   0x000025d8       0x44 c:/freescale/kds_3.0.0/toolchain/bin/../lib/gcc/arm-none-eabi/4.8.4/../../../../arm-none-eabi/lib/armv6-m\libg_s.a(lib_a-wbuf.o)
 .debug_frame   0x0000261c       0x2c c:/freescale/kds_3.0.0/toolchain/bin/../lib/gcc/arm-none-eabi/4.8.4/../../../../arm-none-eabi/lib/armv6-m\libg_s.a(lib_a-wsetup.o)
 .debug_frame   0x00002648       0x28 c:/freescale/kds_3.0.0/toolchain/bin/../lib/gcc/arm-none-eabi/4.8.4/../../../../arm-none-eabi/lib/armv6-m\libg_s.a(lib_a-abort.o)
 .debug_frame   0x00002670       0x68 c:/freescale/kds_3.0.0/toolchain/bin/../lib/gcc/arm-none-eabi/4.8.4/../../../../arm-none-eabi/lib/armv6-m\libg_s.a(lib_a-fflush.o)
 .debug_frame   0x000026d8      0x148 c:/freescale/kds_3.0.0/toolchain/bin/../lib/gcc/arm-none-eabi/4.8.4/../../../../arm-none-eabi/lib/armv6-m\libg_s.a(lib_a-findfp.o)
 .debug_frame   0x00002820       0x30 c:/freescale/kds_3.0.0/toolchain/bin/../lib/gcc/arm-none-eabi/4.8.4/../../../../arm-none-eabi/lib/armv6-m\libg_s.a(lib_a-makebuf.o)
 .debug_frame   0x00002850       0x20 c:/freescale/kds_3.0.0/toolchain/bin/../lib/gcc/arm-none-eabi/4.8.4/../../../../arm-none-eabi/lib/armv6-m\libg_s.a(lib_a-memchr-stub.o)
 .debug_frame   0x00002870       0x48 c:/freescale/kds_3.0.0/toolchain/bin/../lib/gcc/arm-none-eabi/4.8.4/../../../../arm-none-eabi/lib/armv6-m\libg_s.a(lib_a-reent.o)
 .debug_frame   0x000028b8       0xe0 c:/freescale/kds_3.0.0/toolchain/bin/../lib/gcc/arm-none-eabi/4.8.4/../../../../arm-none-eabi/lib/armv6-m\libg_s.a(lib_a-signal.o)
 .debug_frame   0x00002998       0x44 c:/freescale/kds_3.0.0/toolchain/bin/../lib/gcc/arm-none-eabi/4.8.4/../../../../arm-none-eabi/lib/armv6-m\libg_s.a(lib_a-signalr.o)
 .debug_frame   0x000029dc       0x90 c:/freescale/kds_3.0.0/toolchain/bin/../lib/gcc/arm-none-eabi/4.8.4/../../../../arm-none-eabi/lib/armv6-m\libg_s.a(lib_a-stdio.o)
 .debug_frame   0x00002a6c       0x2c c:/freescale/kds_3.0.0/toolchain/bin/../lib/gcc/arm-none-eabi/4.8.4/../../../../arm-none-eabi/lib/armv6-m\libg_s.a(lib_a-writer.o)
 .debug_frame   0x00002a98       0x2c c:/freescale/kds_3.0.0/toolchain/bin/../lib/gcc/arm-none-eabi/4.8.4/../../../../arm-none-eabi/lib/armv6-m\libg_s.a(lib_a-closer.o)
 .debug_frame   0x00002ac4       0x2c c:/freescale/kds_3.0.0/toolchain/bin/../lib/gcc/arm-none-eabi/4.8.4/../../../../arm-none-eabi/lib/armv6-m\libg_s.a(lib_a-fstatr.o)
 .debug_frame   0x00002af0       0x2c c:/freescale/kds_3.0.0/toolchain/bin/../lib/gcc/arm-none-eabi/4.8.4/../../../../arm-none-eabi/lib/armv6-m\libg_s.a(lib_a-isattyr.o)
 .debug_frame   0x00002b1c       0x2c c:/freescale/kds_3.0.0/toolchain/bin/../lib/gcc/arm-none-eabi/4.8.4/../../../../arm-none-eabi/lib/armv6-m\libg_s.a(lib_a-lseekr.o)
 .debug_frame   0x00002b48       0x2c c:/freescale/kds_3.0.0/toolchain/bin/../lib/gcc/arm-none-eabi/4.8.4/../../../../arm-none-eabi/lib/armv6-m\libg_s.a(lib_a-readr.o)
 .debug_frame   0x00002b74       0x20 c:/freescale/kds_3.0.0/toolchain/bin/../lib/gcc/arm-none-eabi/4.8.4/armv6-m\libgcc.a(_udivsi3.o)
 .debug_frame   0x00002b94       0x20 c:/freescale/kds_3.0.0/toolchain/bin/../lib/gcc/arm-none-eabi/4.8.4/armv6-m\libgcc.a(_divsi3.o)
 .debug_frame   0x00002bb4       0x30 c:/freescale/kds_3.0.0/toolchain/bin/../lib/gcc/arm-none-eabi/4.8.4/armv6-m\libgcc.a(_muldi3.o)
 .debug_frame   0x00002be4       0x30 c:/freescale/kds_3.0.0/toolchain/bin/../lib/gcc/arm-none-eabi/4.8.4/armv6-m\libgcc.a(addsf3.o)
 .debug_frame   0x00002c14       0x3c c:/freescale/kds_3.0.0/toolchain/bin/../lib/gcc/arm-none-eabi/4.8.4/armv6-m\libgcc.a(divsf3.o)
 .debug_frame   0x00002c50       0x2c c:/freescale/kds_3.0.0/toolchain/bin/../lib/gcc/arm-none-eabi/4.8.4/armv6-m\libgcc.a(floatsisf.o)
 .debug_frame   0x00002c7c       0x3c c:/freescale/kds_3.0.0/toolchain/bin/../lib/gcc/arm-none-eabi/4.8.4/armv6-m\libgcc.a(muldf3.o)
 .debug_frame   0x00002cb8       0x30 c:/freescale/kds_3.0.0/toolchain/bin/../lib/gcc/arm-none-eabi/4.8.4/armv6-m\libgcc.a(truncdfsf2.o)
 .debug_frame   0x00002ce8       0x20 c:/freescale/kds_3.0.0/toolchain/bin/../lib/gcc/arm-none-eabi/4.8.4/../../../../arm-none-eabi/lib/armv6-m\libnosys.a(close.o)
 .debug_frame   0x00002d08       0x20 c:/freescale/kds_3.0.0/toolchain/bin/../lib/gcc/arm-none-eabi/4.8.4/../../../../arm-none-eabi/lib/armv6-m\libnosys.a(fstat.o)
 .debug_frame   0x00002d28       0x20 c:/freescale/kds_3.0.0/toolchain/bin/../lib/gcc/arm-none-eabi/4.8.4/../../../../arm-none-eabi/lib/armv6-m\libnosys.a(getpid.o)
 .debug_frame   0x00002d48       0x20 c:/freescale/kds_3.0.0/toolchain/bin/../lib/gcc/arm-none-eabi/4.8.4/../../../../arm-none-eabi/lib/armv6-m\libnosys.a(isatty.o)
 .debug_frame   0x00002d68       0x20 c:/freescale/kds_3.0.0/toolchain/bin/../lib/gcc/arm-none-eabi/4.8.4/../../../../arm-none-eabi/lib/armv6-m\libnosys.a(kill.o)
 .debug_frame   0x00002d88       0x20 c:/freescale/kds_3.0.0/toolchain/bin/../lib/gcc/arm-none-eabi/4.8.4/../../../../arm-none-eabi/lib/armv6-m\libnosys.a(lseek.o)
 .debug_frame   0x00002da8       0x20 c:/freescale/kds_3.0.0/toolchain/bin/../lib/gcc/arm-none-eabi/4.8.4/../../../../arm-none-eabi/lib/armv6-m\libnosys.a(sbrk.o)
 .debug_frame   0x00002dc8       0x20 c:/freescale/kds_3.0.0/toolchain/bin/../lib/gcc/arm-none-eabi/4.8.4/../../../../arm-none-eabi/lib/armv6-m\libnosys.a(_exit.o)

.stab           0x00000000       0x9c
 .stab          0x00000000       0x24 c:/freescale/kds_3.0.0/toolchain/bin/../lib/gcc/arm-none-eabi/4.8.4/../../../../arm-none-eabi/lib/armv6-m\libnosys.a(close.o)
 .stab          0x00000024       0x18 c:/freescale/kds_3.0.0/toolchain/bin/../lib/gcc/arm-none-eabi/4.8.4/../../../../arm-none-eabi/lib/armv6-m\libnosys.a(fstat.o)
                                 0x24 (size before relaxing)
 .stab          0x0000003c       0x18 c:/freescale/kds_3.0.0/toolchain/bin/../lib/gcc/arm-none-eabi/4.8.4/../../../../arm-none-eabi/lib/armv6-m\libnosys.a(getpid.o)
                                 0x24 (size before relaxing)
 .stab          0x00000054       0x18 c:/freescale/kds_3.0.0/toolchain/bin/../lib/gcc/arm-none-eabi/4.8.4/../../../../arm-none-eabi/lib/armv6-m\libnosys.a(isatty.o)
                                 0x24 (size before relaxing)
 .stab          0x0000006c       0x18 c:/freescale/kds_3.0.0/toolchain/bin/../lib/gcc/arm-none-eabi/4.8.4/../../../../arm-none-eabi/lib/armv6-m\libnosys.a(kill.o)
                                 0x24 (size before relaxing)
 .stab          0x00000084       0x18 c:/freescale/kds_3.0.0/toolchain/bin/../lib/gcc/arm-none-eabi/4.8.4/../../../../arm-none-eabi/lib/armv6-m\libnosys.a(lseek.o)
                                 0x24 (size before relaxing)

.stabstr        0x00000000      0x14f
 .stabstr       0x00000000      0x14f c:/freescale/kds_3.0.0/toolchain/bin/../lib/gcc/arm-none-eabi/4.8.4/../../../../arm-none-eabi/lib/armv6-m\libnosys.a(close.o)